Archive member included to satisfy reference by file (symbol)

/home/bkfl/src/GitHub/bkfl/Task1.5HD/bin/arduino-uno/application_Task1.5HD.a(main.o)
                              /usr/lib/gcc/avr/4.9.2/../../../avr/lib/avr5/crtatmega328p.o (main)
/home/bkfl/src/GitHub/bkfl/Task1.5HD/bin/arduino-uno/atmega_common_periph.a(gpio.o)
                              /home/bkfl/src/GitHub/bkfl/Task1.5HD/bin/arduino-uno/application_Task1.5HD.a(main.o) (gpio_init)
/home/bkfl/src/GitHub/bkfl/Task1.5HD/bin/arduino-uno/boards_common_atmega.a(board.o)
                              /home/bkfl/src/GitHub/bkfl/Task1.5HD/bin/arduino-uno/atmega_common/startup.o (board_init)
/home/bkfl/src/GitHub/bkfl/Task1.5HD/bin/arduino-uno/core.a(sched.o)
                              /home/bkfl/src/GitHub/bkfl/Task1.5HD/bin/arduino-uno/atmega_common_periph.a(gpio.o) (sched_context_switch_request)
/home/bkfl/src/GitHub/bkfl/Task1.5HD/bin/arduino-uno/core.a(kernel_init.o)
                              /home/bkfl/src/GitHub/bkfl/Task1.5HD/bin/arduino-uno/atmega_common/startup.o (kernel_init)
/home/bkfl/src/GitHub/bkfl/Task1.5HD/bin/arduino-uno/core.a(thread.o)
                              /home/bkfl/src/GitHub/bkfl/Task1.5HD/bin/arduino-uno/atmega_common_periph.a(gpio.o) (thread_yield)
/home/bkfl/src/GitHub/bkfl/Task1.5HD/bin/arduino-uno/core.a(panic.o)
                              /home/bkfl/src/GitHub/bkfl/Task1.5HD/bin/arduino-uno/core.a(thread.o) (core_panic)
/home/bkfl/src/GitHub/bkfl/Task1.5HD/bin/arduino-uno/ps.a(ps.o)
                              /home/bkfl/src/GitHub/bkfl/Task1.5HD/bin/arduino-uno/core.a(panic.o) (ps)
/home/bkfl/src/GitHub/bkfl/Task1.5HD/bin/arduino-uno/shell.a(shell.o)
                              /home/bkfl/src/GitHub/bkfl/Task1.5HD/bin/arduino-uno/application_Task1.5HD.a(main.o) (shell_run)
/home/bkfl/src/GitHub/bkfl/Task1.5HD/bin/arduino-uno/shell_commands.a(shell_commands.o)
                              /home/bkfl/src/GitHub/bkfl/Task1.5HD/bin/arduino-uno/shell.a(shell.o) (_shell_command_list)
/home/bkfl/src/GitHub/bkfl/Task1.5HD/bin/arduino-uno/shell_commands.a(sc_sys.o)
                              /home/bkfl/src/GitHub/bkfl/Task1.5HD/bin/arduino-uno/shell_commands.a(shell_commands.o) (_reboot_handler)
/home/bkfl/src/GitHub/bkfl/Task1.5HD/bin/arduino-uno/shell_commands.a(sc_ps.o)
                              /home/bkfl/src/GitHub/bkfl/Task1.5HD/bin/arduino-uno/shell_commands.a(shell_commands.o) (_ps_handler)
/home/bkfl/src/GitHub/bkfl/Task1.5HD/bin/arduino-uno/periph_common.a(pm.o)
                              /home/bkfl/src/GitHub/bkfl/Task1.5HD/bin/arduino-uno/core.a(panic.o) (pm_off)
/home/bkfl/src/GitHub/bkfl/Task1.5HD/bin/arduino-uno/atmega_common.a(thread_arch.o)
                              /home/bkfl/src/GitHub/bkfl/Task1.5HD/bin/arduino-uno/core.a(thread.o) (thread_stack_init)
/home/bkfl/src/GitHub/bkfl/Task1.5HD/bin/arduino-uno/atmega_common.a(cpu.o)
                              /home/bkfl/src/GitHub/bkfl/Task1.5HD/bin/arduino-uno/boards_common_atmega.a(board.o) (cpu_init)
/home/bkfl/src/GitHub/bkfl/Task1.5HD/bin/arduino-uno/atmega_common.a(irq_arch.o)
                              /home/bkfl/src/GitHub/bkfl/Task1.5HD/bin/arduino-uno/core.a(sched.o) (irq_disable)
/home/bkfl/src/GitHub/bkfl/Task1.5HD/bin/arduino-uno/atmega_common_periph.a(pm.o)
                              /home/bkfl/src/GitHub/bkfl/Task1.5HD/bin/arduino-uno/shell_commands.a(sc_sys.o) (pm_reboot)
/home/bkfl/src/GitHub/bkfl/Task1.5HD/bin/arduino-uno/auto_init.a(auto_init.o)
                              /home/bkfl/src/GitHub/bkfl/Task1.5HD/bin/arduino-uno/core.a(kernel_init.o) (auto_init)
/home/bkfl/src/GitHub/bkfl/Task1.5HD/bin/arduino-uno/avr_libc_extra.a(atmega_stdio.o)
                              /home/bkfl/src/GitHub/bkfl/Task1.5HD/bin/arduino-uno/boards_common_atmega.a(board.o) (atmega_stdio_init)
/home/bkfl/src/GitHub/bkfl/Task1.5HD/bin/arduino-uno/boards_common_arduino-atmega.a(led_init.o)
                              /home/bkfl/src/GitHub/bkfl/Task1.5HD/bin/arduino-uno/boards_common_atmega.a(board.o) (led_init)
/home/bkfl/src/GitHub/bkfl/Task1.5HD/bin/arduino-uno/stdio_uart.a(stdio_uart.o)
                              /home/bkfl/src/GitHub/bkfl/Task1.5HD/bin/arduino-uno/avr_libc_extra.a(atmega_stdio.o) (stdio_init)
/home/bkfl/src/GitHub/bkfl/Task1.5HD/bin/arduino-uno/periph_common.a(init.o)
                              /home/bkfl/src/GitHub/bkfl/Task1.5HD/bin/arduino-uno/atmega_common.a(cpu.o) (periph_init)
/home/bkfl/src/GitHub/bkfl/Task1.5HD/bin/arduino-uno/atmega_common_periph.a(uart.o)
                              /home/bkfl/src/GitHub/bkfl/Task1.5HD/bin/arduino-uno/stdio_uart.a(stdio_uart.o) (uart_init)
/home/bkfl/src/GitHub/bkfl/Task1.5HD/bin/arduino-uno/isrpipe.a(isrpipe.o)
                              /home/bkfl/src/GitHub/bkfl/Task1.5HD/bin/arduino-uno/stdio_uart.a(stdio_uart.o) (isrpipe_write_one)
/home/bkfl/src/GitHub/bkfl/Task1.5HD/bin/arduino-uno/tsrb.a(tsrb.o)
[...]
Memory Configuration

Name             Origin             Length             Attributes
text             0x0000000000000000 0x0000000000007e00 xr
data             0x0000000000800060 0x0000000000000800 rw !x
eeprom           0x0000000000810000 0x0000000000010000 rw !x
fuse             0x0000000000820000 0x0000000000000400 rw !x
lock             0x0000000000830000 0x0000000000000400 rw !x
signature        0x0000000000840000 0x0000000000000400 rw !x
user_signatures  0x0000000000850000 0x0000000000000400 rw !x
*default*        0x0000000000000000 0xffffffffffffffff

Linker script and memory map

Address of section .data set to 0x800100
LOAD /usr/lib/gcc/avr/4.9.2/../../../avr/lib/avr5/crtatmega328p.o
LOAD /home/bkfl/src/GitHub/bkfl/Task1.5HD/bin/arduino-uno/atmega_common/startup.o
START GROUP
LOAD /home/bkfl/src/GitHub/bkfl/Task1.5HD/bin/arduino-uno/application_Task1.5HD.a
LOAD /home/bkfl/src/GitHub/bkfl/Task1.5HD/bin/arduino-uno/atmega_common.a
LOAD /home/bkfl/src/GitHub/bkfl/Task1.5HD/bin/arduino-uno/atmega_common_periph.a
LOAD /home/bkfl/src/GitHub/bkfl/Task1.5HD/bin/arduino-uno/auto_init.a
LOAD /home/bkfl/src/GitHub/bkfl/Task1.5HD/bin/arduino-uno/avr_libc_extra.a
LOAD /home/bkfl/src/GitHub/bkfl/Task1.5HD/bin/arduino-uno/board.a
LOAD /home/bkfl/src/GitHub/bkfl/Task1.5HD/bin/arduino-uno/boards_common_arduino-atmega.a
LOAD /home/bkfl/src/GitHub/bkfl/Task1.5HD/bin/arduino-uno/boards_common_atmega.a
LOAD /home/bkfl/src/GitHub/bkfl/Task1.5HD/bin/arduino-uno/core.a
LOAD /home/bkfl/src/GitHub/bkfl/Task1.5HD/bin/arduino-uno/cpu.a
LOAD /home/bkfl/src/GitHub/bkfl/Task1.5HD/bin/arduino-uno/isrpipe.a
LOAD /home/bkfl/src/GitHub/bkfl/Task1.5HD/bin/arduino-uno/ps.a
LOAD /home/bkfl/src/GitHub/bkfl/Task1.5HD/bin/arduino-uno/shell.a
LOAD /home/bkfl/src/GitHub/bkfl/Task1.5HD/bin/arduino-uno/shell_commands.a
LOAD /home/bkfl/src/GitHub/bkfl/Task1.5HD/bin/arduino-uno/stdio_uart.a
LOAD /home/bkfl/src/GitHub/bkfl/Task1.5HD/bin/arduino-uno/sys.a
LOAD /home/bkfl/src/GitHub/bkfl/Task1.5HD/bin/arduino-uno/tsrb.a
LOAD /home/bkfl/src/GitHub/bkfl/Task1.5HD/bin/arduino-uno/periph_common.a
LOAD /usr/lib/gcc/avr/4.9.2/../../../avr/lib/avr5/libm.a
END GROUP
LOAD /usr/lib/gcc/avr/4.9.2/avr5/libgcc.a
                0x0000000000007e00                __TEXT_REGION_LENGTH__ = 0x7e00
                0x0000000000000800                __DATA_REGION_LENGTH__ = 0x800
START GROUP
LOAD /usr/lib/gcc/avr/4.9.2/avr5/libgcc.a
LOAD /usr/lib/gcc/avr/4.9.2/../../../avr/lib/avr5/libm.a
LOAD /usr/lib/gcc/avr/4.9.2/../../../avr/lib/avr5/libc.a
LOAD /usr/lib/gcc/avr/4.9.2/../../../avr/lib/avr5/libatmega328p.a
END GROUP
                0x0000000000020000                __TEXT_REGION_LENGTH__ = DEFINED (__TEXT_REGION_LENGTH__)?__TEXT_REGION_LENGTH__:0x20000
                0x000000000000ffa0                __DATA_REGION_LENGTH__ = DEFINED (__DATA_REGION_LENGTH__)?__DATA_REGION_LENGTH__:0xffa0
                0x0000000000010000                __EEPROM_REGION_LENGTH__ = DEFINED (__EEPROM_REGION_LENGTH__)?__EEPROM_REGION_LENGTH__:0x10000
                0x0000000000000400                __FUSE_REGION_LENGTH__ = DEFINED (__FUSE_REGION_LENGTH__)?__FUSE_REGION_LENGTH__:0x400
                0x0000000000000400                __LOCK_REGION_LENGTH__ = DEFINED (__LOCK_REGION_LENGTH__)?__LOCK_REGION_LENGTH__:0x400
                0x0000000000000400                __SIGNATURE_REGION_LENGTH__ = DEFINED (__SIGNATURE_REGION_LENGTH__)?__SIGNATURE_REGION_LENGTH__:0x400
                0x0000000000000400                __USER_SIGNATURE_REGION_LENGTH__ = DEFINED (__USER_SIGNATURE_REGION_LENGTH__)?__USER_SIGNATURE_REGION_LENGTH__:0x400

.hash
 *(.hash)

.dynsym
 *(.dynsym)

.dynstr
 *(.dynstr)

.gnu.version
 *(.gnu.version)

.gnu.version_d
 *(.gnu.version_d)

.gnu.version_r
 *(.gnu.version_r)

.rel.init
 *(.rel.init)

.rela.init
 *(.rela.init)

.rel.text
 *(.rel.text)
 *(.rel.text.*)
 *(.rel.gnu.linkonce.t*)

.rela.text
 *(.rela.text)
 *(.rela.text.*)
 *(.rela.gnu.linkonce.t*)

.rel.fini
 *(.rel.fini)

.rela.fini
 *(.rela.fini)

.rel.rodata
 *(.rel.rodata)
 *(.rel.rodata.*)
 *(.rel.gnu.linkonce.r*)

.rela.rodata
 *(.rela.rodata)
 *(.rela.rodata.*)
 *(.rela.gnu.linkonce.r*)

.rel.data
 *(.rel.data)
 *(.rel.data.*)
 *(.rel.gnu.linkonce.d*)

.rela.data
 *(.rela.data)
 *(.rela.data.*)
 *(.rela.gnu.linkonce.d*)

.rel.ctors
 *(.rel.ctors)

.rela.ctors
 *(.rela.ctors)

.rel.dtors
 *(.rel.dtors)

.rela.dtors
 *(.rela.dtors)

.rel.got
 *(.rel.got)

.rela.got
 *(.rela.got)

.rel.bss
 *(.rel.bss)

.rela.bss
 *(.rela.bss)

.rel.plt
 *(.rel.plt)

.rela.plt
 *(.rela.plt)

.text           0x0000000000000000     0x1d62
 *(.vectors)
 .vectors       0x0000000000000000       0x68 /usr/lib/gcc/avr/4.9.2/../../../avr/lib/avr5/crtatmega328p.o
                0x0000000000000000                __vectors
 *(.vectors)
 *(.progmem.gcc*)
                0x0000000000000068                . = ALIGN (0x2)
                0x0000000000000068                __trampolines_start = .
 *(.trampolines)
 .trampolines   0x0000000000000068        0x0 linker stubs
 *(.trampolines*)
                0x0000000000000068                __trampolines_end = .
 *libprintf_flt.a:*(.progmem.data)
 *libc.a:*(.progmem.data)
 *(.progmem*)
 .progmem.data.__c.1896
                0x0000000000000068       0x49 /home/bkfl/src/GitHub/bkfl/Task1.5HD/bin/arduino-uno/atmega_common.a(cpu.o)
                0x00000000000000b2                . = ALIGN (0x2)
 *fill*         0x00000000000000b1        0x1 
 *(.jumptables)
 *(.jumptables*)
 *(.lowtext)
 *(.lowtext*)
                0x00000000000000b2                __ctors_start = .
 *(.ctors)
                0x00000000000000b2                __ctors_end = .
                0x00000000000000b2                __dtors_start = .
 *(.dtors)
                0x00000000000000b2                __dtors_end = .
 SORT(*)(.ctors)
 SORT(*)(.dtors)
 *(.init0)
 .init0         0x00000000000000b2        0x0 /usr/lib/gcc/avr/4.9.2/../../../avr/lib/avr5/crtatmega328p.o
                0x00000000000000b2                __init
 .init0         0x00000000000000b2       0x24 /home/bkfl/src/GitHub/bkfl/Task1.5HD/bin/arduino-uno/atmega_common.a(cpu.o)
                0x00000000000000b2                get_mcusr
 *(.init0)
 *(.init1)
 *(.init1)
 *(.init2)
 .init2         0x00000000000000d6        0xc /usr/lib/gcc/avr/4.9.2/../../../avr/lib/avr5/crtatmega328p.o
 *(.init2)
 *(.init3)
 *(.init3)
 *(.init4)
 .init4         0x00000000000000e2       0x16 /usr/lib/gcc/avr/4.9.2/avr5/libgcc.a(_copy_data.o)
                0x00000000000000e2                __do_copy_data
 .init4         0x00000000000000f8       0x10 /usr/lib/gcc/avr/4.9.2/avr5/libgcc.a(_clear_bss.o)
                0x00000000000000f8                __do_clear_bss
 *(.init4)
 *(.init5)
 *(.init5)
 *(.init6)
 *(.init6)
 *(.init7)
 .init7         0x0000000000000108        0x4 /home/bkfl/src/GitHub/bkfl/Task1.5HD/bin/arduino-uno/atmega_common/startup.o
                0x0000000000000108                init7_ovr
 *(.init7)
 *(.init8)
 .init8         0x000000000000010c        0x4 /home/bkfl/src/GitHub/bkfl/Task1.5HD/bin/arduino-uno/atmega_common/startup.o
                0x000000000000010c                init8_ovr
 *(.init8)
 *(.init9)
 .init9         0x0000000000000110        0x8 /usr/lib/gcc/avr/4.9.2/../../../avr/lib/avr5/crtatmega328p.o
 *(.init9)
 *(.text)
 .text          0x0000000000000118        0x4 /usr/lib/gcc/avr/4.9.2/../../../avr/lib/avr5/crtatmega328p.o
                0x0000000000000118                __vector_22
                0x0000000000000118                __vector_24
                0x0000000000000118                __vector_12
                0x0000000000000118                __bad_interrupt
                0x0000000000000118                __vector_6
                0x0000000000000118                __vector_3
                0x0000000000000118                __vector_23
                0x0000000000000118                __vector_25
                0x0000000000000118                __vector_11
                0x0000000000000118                __vector_13
                0x0000000000000118                __vector_17
                0x0000000000000118                __vector_19
                0x0000000000000118                __vector_7
                0x0000000000000118                __vector_5
                0x0000000000000118                __vector_4
                0x0000000000000118                __vector_9
                0x0000000000000118                __vector_21
                0x0000000000000118                __vector_15
                0x0000000000000118                __vector_8
                0x0000000000000118                __vector_14
                0x0000000000000118                __vector_10
                0x0000000000000118                __vector_16
                0x0000000000000118                __vector_20
                0x000000000000011c                . = ALIGN (0x2)
 *(.text.*)
 .text.reset_handler
                0x000000000000011c        0x8 /home/bkfl/src/GitHub/bkfl/Task1.5HD/bin/arduino-uno/atmega_common/startup.o
                0x000000000000011c                reset_handler
 .text.ISR_MotionPin
                0x0000000000000124       0x3c /home/bkfl/src/GitHub/bkfl/Task1.5HD/bin/arduino-uno/application_Task1.5HD.a(main.o)
                0x0000000000000124                ISR_MotionPin
 .text.startup.main
                0x0000000000000160       0x6e /home/bkfl/src/GitHub/bkfl/Task1.5HD/bin/arduino-uno/application_Task1.5HD.a(main.o)
                0x0000000000000160                main
 .text._int_num
                0x00000000000001ce       0x14 /home/bkfl/src/GitHub/bkfl/Task1.5HD/bin/arduino-uno/atmega_common_periph.a(gpio.o)
 .text.irq_handler
                0x00000000000001e2       0x42 /home/bkfl/src/GitHub/bkfl/Task1.5HD/bin/arduino-uno/atmega_common_periph.a(gpio.o)
 .text.gpio_init
                0x0000000000000224       0x72 /home/bkfl/src/GitHub/bkfl/Task1.5HD/bin/arduino-uno/atmega_common_periph.a(gpio.o)
                0x0000000000000224                gpio_init
 .text.gpio_read
                0x0000000000000296       0x2e /home/bkfl/src/GitHub/bkfl/Task1.5HD/bin/arduino-uno/atmega_common_periph.a(gpio.o)
                0x0000000000000296                gpio_read
 .text.gpio_set
                0x00000000000002c4       0x26 /home/bkfl/src/GitHub/bkfl/Task1.5HD/bin/arduino-uno/atmega_common_periph.a(gpio.o)
                0x00000000000002c4                gpio_set
 .text.gpio_clear
                0x00000000000002ea       0x2c /home/bkfl/src/GitHub/bkfl/Task1.5HD/bin/arduino-uno/atmega_common_periph.a(gpio.o)
                0x00000000000002ea                gpio_clear
 .text.gpio_init_int
                0x0000000000000316       0xd6 /home/bkfl/src/GitHub/bkfl/Task1.5HD/bin/arduino-uno/atmega_common_periph.a(gpio.o)
                0x0000000000000316                gpio_init_int
 .text.gpio_irq_enable
                0x00000000000003ec       0x24 /home/bkfl/src/GitHub/bkfl/Task1.5HD/bin/arduino-uno/atmega_common_periph.a(gpio.o)
                0x00000000000003ec                gpio_irq_enable
 .text.__vector_1
                0x0000000000000410       0x4a /home/bkfl/src/GitHub/bkfl/Task1.5HD/bin/arduino-uno/atmega_common_periph.a(gpio.o)
                0x0000000000000410                __vector_1
 .text.__vector_2
                0x000000000000045a       0x4a /home/bkfl/src/GitHub/bkfl/Task1.5HD/bin/arduino-uno/atmega_common_periph.a(gpio.o)
                0x000000000000045a                __vector_2
 .text.board_init
                0x00000000000004a4       0x1a /home/bkfl/src/GitHub/bkfl/Task1.5HD/bin/arduino-uno/boards_common_atmega.a(board.o)
                0x00000000000004a4                board_init
 .text.sched_run
                0x00000000000004be       0x7e /home/bkfl/src/GitHub/bkfl/Task1.5HD/bin/arduino-uno/core.a(sched.o)
                0x00000000000004be                sched_run
 .text.sched_set_status
                0x000000000000053c      0x122 /home/bkfl/src/GitHub/bkfl/Task1.5HD/bin/arduino-uno/core.a(sched.o)
                0x000000000000053c                sched_set_status
 .text.sched_switch
                0x000000000000065e       0x34 /home/bkfl/src/GitHub/bkfl/Task1.5HD/bin/arduino-uno/core.a(sched.o)
                0x000000000000065e                sched_switch
 .text.sched_task_exit
                0x0000000000000692       0x44 /home/bkfl/src/GitHub/bkfl/Task1.5HD/bin/arduino-uno/core.a(sched.o)
                0x0000000000000692                sched_task_exit
 .text.main_trampoline
                0x00000000000006d6       0x1e /home/bkfl/src/GitHub/bkfl/Task1.5HD/bin/arduino-uno/core.a(kernel_init.o)
 .text.idle_thread
                0x00000000000006f4        0x6 /home/bkfl/src/GitHub/bkfl/Task1.5HD/bin/arduino-uno/core.a(kernel_init.o)
 .text.kernel_init
                0x00000000000006fa       0x48 /home/bkfl/src/GitHub/bkfl/Task1.5HD/bin/arduino-uno/core.a(kernel_init.o)
                0x00000000000006fa                kernel_init
 .text.thread_yield
                0x0000000000000742       0x36 /home/bkfl/src/GitHub/bkfl/Task1.5HD/bin/arduino-uno/core.a(thread.o)
                0x0000000000000742                thread_yield
 .text.thread_add_to_list
                0x0000000000000778       0x42 /home/bkfl/src/GitHub/bkfl/Task1.5HD/bin/arduino-uno/core.a(thread.o)
                0x0000000000000778                thread_add_to_list
 .text.thread_measure_stack_free
                0x00000000000007ba       0x1a /home/bkfl/src/GitHub/bkfl/Task1.5HD/bin/arduino-uno/core.a(thread.o)
                0x00000000000007ba                thread_measure_stack_free
 .text.thread_create
                0x00000000000007d4      0x17e /home/bkfl/src/GitHub/bkfl/Task1.5HD/bin/arduino-uno/core.a(thread.o)
                0x00000000000007d4                thread_create
 .text.panic_arch
                0x0000000000000952        0x2 /home/bkfl/src/GitHub/bkfl/Task1.5HD/bin/arduino-uno/core.a(panic.o)
                0x0000000000000952                panic_arch
 .text.core_panic
                0x0000000000000954       0x96 /home/bkfl/src/GitHub/bkfl/Task1.5HD/bin/arduino-uno/core.a(panic.o)
                0x0000000000000954                core_panic
 .text.ps       0x00000000000009ea      0x186 /home/bkfl/src/GitHub/bkfl/Task1.5HD/bin/arduino-uno/ps.a(ps.o)
                0x00000000000009ea                ps
 .text.print_prompt
                0x0000000000000b70       0x24 /home/bkfl/src/GitHub/bkfl/Task1.5HD/bin/arduino-uno/shell.a(shell.o)
 .text.shell_run
                0x0000000000000b94      0x3dc /home/bkfl/src/GitHub/bkfl/Task1.5HD/bin/arduino-uno/shell.a(shell.o)
                0x0000000000000b94                shell_run
 .text._reboot_handler
                0x0000000000000f70        0xa /home/bkfl/src/GitHub/bkfl/Task1.5HD/bin/arduino-uno/shell_commands.a(sc_sys.o)
                0x0000000000000f70                _reboot_handler
 .text._ps_handler
                0x0000000000000f7a        0xa /home/bkfl/src/GitHub/bkfl/Task1.5HD/bin/arduino-uno/shell_commands.a(sc_ps.o)
                0x0000000000000f7a                _ps_handler
 .text.pm_off   0x0000000000000f84        0x6 /home/bkfl/src/GitHub/bkfl/Task1.5HD/bin/arduino-uno/periph_common.a(pm.o)
                0x0000000000000f84                pm_off
 .text.pm_set_lowest
                0x0000000000000f8a        0x2 /home/bkfl/src/GitHub/bkfl/Task1.5HD/bin/arduino-uno/periph_common.a(pm.o)
                0x0000000000000f8a                pm_set_lowest
 .text.__enter_thread_mode
                0x0000000000000f8c       0x5a /home/bkfl/src/GitHub/bkfl/Task1.5HD/bin/arduino-uno/atmega_common.a(thread_arch.o)
 .text.thread_stack_init
                0x0000000000000fe6       0x5a /home/bkfl/src/GitHub/bkfl/Task1.5HD/bin/arduino-uno/atmega_common.a(thread_arch.o)
                0x0000000000000fe6                thread_stack_init
 .text.cpu_switch_context_exit
                0x0000000000001040        0x8 /home/bkfl/src/GitHub/bkfl/Task1.5HD/bin/arduino-uno/atmega_common.a(thread_arch.o)
                0x0000000000001040                cpu_switch_context_exit
 .text.thread_yield_higher
                0x0000000000001048       0xcc /home/bkfl/src/GitHub/bkfl/Task1.5HD/bin/arduino-uno/atmega_common.a(thread_arch.o)
                0x0000000000001048                thread_yield_higher
 .text.thread_yield_isr
                0x0000000000001114       0xb4 /home/bkfl/src/GitHub/bkfl/Task1.5HD/bin/arduino-uno/atmega_common.a(thread_arch.o)
                0x0000000000001114                thread_yield_isr
 .text.cpu_init
                0x00000000000011c8       0x1c /home/bkfl/src/GitHub/bkfl/Task1.5HD/bin/arduino-uno/atmega_common.a(cpu.o)
                0x00000000000011c8                cpu_init
 .text.__vector_default
                0x00000000000011e4       0x16 /home/bkfl/src/GitHub/bkfl/Task1.5HD/bin/arduino-uno/atmega_common.a(cpu.o)
                0x00000000000011e4                __vector_default
 .text.irq_disable
                0x00000000000011fa        0xc /home/bkfl/src/GitHub/bkfl/Task1.5HD/bin/arduino-uno/atmega_common.a(irq_arch.o)
                0x00000000000011fa                irq_disable
 .text.irq_enable
                0x0000000000001206        0xc /home/bkfl/src/GitHub/bkfl/Task1.5HD/bin/arduino-uno/atmega_common.a(irq_arch.o)
                0x0000000000001206                irq_enable
 .text.irq_restore
                0x0000000000001212       0x14 /home/bkfl/src/GitHub/bkfl/Task1.5HD/bin/arduino-uno/atmega_common.a(irq_arch.o)
                0x0000000000001212                irq_restore
 .text.irq_is_in
                0x0000000000001226        0x8 /home/bkfl/src/GitHub/bkfl/Task1.5HD/bin/arduino-uno/atmega_common.a(irq_arch.o)
                0x0000000000001226                irq_is_in
 .text.pm_reboot
                0x000000000000122e       0x22 /home/bkfl/src/GitHub/bkfl/Task1.5HD/bin/arduino-uno/atmega_common_periph.a(pm.o)
                0x000000000000122e                pm_reboot
 .text.auto_init
                0x0000000000001250        0x2 /home/bkfl/src/GitHub/bkfl/Task1.5HD/bin/arduino-uno/auto_init.a(auto_init.o)
                0x0000000000001250                auto_init
 .text._uart_getchar
                0x0000000000001252       0x26 /home/bkfl/src/GitHub/bkfl/Task1.5HD/bin/arduino-uno/avr_libc_extra.a(atmega_stdio.o)
 .text._uart_putchar
                0x0000000000001278       0x24 /home/bkfl/src/GitHub/bkfl/Task1.5HD/bin/arduino-uno/avr_libc_extra.a(atmega_stdio.o)
 .text.atmega_stdio_init
                0x000000000000129c       0x20 /home/bkfl/src/GitHub/bkfl/Task1.5HD/bin/arduino-uno/avr_libc_extra.a(atmega_stdio.o)
                0x000000000000129c                atmega_stdio_init
 .text.led_init
                0x00000000000012bc        0xc /home/bkfl/src/GitHub/bkfl/Task1.5HD/bin/arduino-uno/boards_common_arduino-atmega.a(led_init.o)
                0x00000000000012bc                led_init
 .text.stdio_init
                0x00000000000012c8       0x22 /home/bkfl/src/GitHub/bkfl/Task1.5HD/bin/arduino-uno/stdio_uart.a(stdio_uart.o)
                0x00000000000012c8                stdio_init
 .text.stdio_read
                0x00000000000012ea        0xc /home/bkfl/src/GitHub/bkfl/Task1.5HD/bin/arduino-uno/stdio_uart.a(stdio_uart.o)
                0x00000000000012ea                stdio_read
 .text.stdio_write
                0x00000000000012f6       0x1a /home/bkfl/src/GitHub/bkfl/Task1.5HD/bin/arduino-uno/stdio_uart.a(stdio_uart.o)
                0x00000000000012f6                stdio_write
 .text.periph_init
                0x0000000000001310        0x2 /home/bkfl/src/GitHub/bkfl/Task1.5HD/bin/arduino-uno/periph_common.a(init.o)
                0x0000000000001310                periph_init
 .text.uart_init
                0x0000000000001312       0x8e /home/bkfl/src/GitHub/bkfl/Task1.5HD/bin/arduino-uno/atmega_common_periph.a(uart.o)
                0x0000000000001312                uart_init
 .text.uart_write
                0x00000000000013a0       0x1e /home/bkfl/src/GitHub/bkfl/Task1.5HD/bin/arduino-uno/atmega_common_periph.a(uart.o)
                0x00000000000013a0                uart_write
 .text.__vector_18
                0x00000000000013be       0x7c /home/bkfl/src/GitHub/bkfl/Task1.5HD/bin/arduino-uno/atmega_common_periph.a(uart.o)
                0x00000000000013be                __vector_18
 .text.isrpipe_write_one
                0x000000000000143a       0x24 /home/bkfl/src/GitHub/bkfl/Task1.5HD/bin/arduino-uno/isrpipe.a(isrpipe.o)
                0x000000000000143a                isrpipe_write_one
 .text.isrpipe_read
                0x000000000000145e       0x4a /home/bkfl/src/GitHub/bkfl/Task1.5HD/bin/arduino-uno/isrpipe.a(isrpipe.o)
                0x000000000000145e                isrpipe_read
 .text._pop     0x00000000000014a8       0x36 /home/bkfl/src/GitHub/bkfl/Task1.5HD/bin/arduino-uno/tsrb.a(tsrb.o)
 .text.tsrb_get
                0x00000000000014de       0x54 /home/bkfl/src/GitHub/bkfl/Task1.5HD/bin/arduino-uno/tsrb.a(tsrb.o)
                0x00000000000014de                tsrb_get
 .text.tsrb_add_one
                0x0000000000001532       0x58 /home/bkfl/src/GitHub/bkfl/Task1.5HD/bin/arduino-uno/tsrb.a(tsrb.o)
                0x0000000000001532                tsrb_add_one
 .text._mutex_lock
                0x000000000000158a       0x8a /home/bkfl/src/GitHub/bkfl/Task1.5HD/bin/arduino-uno/core.a(mutex.o)
                0x000000000000158a                _mutex_lock
 .text.mutex_unlock
                0x0000000000001614       0x82 /home/bkfl/src/GitHub/bkfl/Task1.5HD/bin/arduino-uno/core.a(mutex.o)
                0x0000000000001614                mutex_unlock
 .text.libgcc.div
                0x0000000000001696       0x44 /usr/lib/gcc/avr/4.9.2/avr5/libgcc.a(_udivmodsi4.o)
                0x0000000000001696                __udivmodsi4
 .text.avr-libc
                0x00000000000016da       0x12 /usr/lib/gcc/avr/4.9.2/../../../avr/lib/avr5/libc.a(strcmp.o)
                0x00000000000016da                strcmp
 .text.avr-libc
                0x00000000000016ec       0x7c /usr/lib/gcc/avr/4.9.2/../../../avr/lib/avr5/libc.a(fgetc.o)
                0x00000000000016ec                fgetc
 .text.avr-libc
                0x0000000000001768       0x70 /usr/lib/gcc/avr/4.9.2/../../../avr/lib/avr5/libc.a(fputc.o)
                0x0000000000001768                fputc
 .text.avr-libc
                0x00000000000017d8       0x2c /usr/lib/gcc/avr/4.9.2/../../../avr/lib/avr5/libc.a(printf.o)
                0x00000000000017d8                printf
 .text.avr-libc
                0x0000000000001804       0x60 /usr/lib/gcc/avr/4.9.2/../../../avr/lib/avr5/libc.a(puts.o)
                0x0000000000001804                puts
 .text.avr-libc
                0x0000000000001864      0x3a4 /usr/lib/gcc/avr/4.9.2/../../../avr/lib/avr5/libc.a(vfprintf_std.o)
                0x0000000000001864                vfprintf
 .text.avr-libc
                0x0000000000001c08       0x16 /usr/lib/gcc/avr/4.9.2/../../../avr/lib/avr5/libc.a(strnlen_P.o)
                0x0000000000001c08                strnlen_P
 .text.avr-libc
                0x0000000000001c1e       0x16 /usr/lib/gcc/avr/4.9.2/../../../avr/lib/avr5/libc.a(strnlen.o)
                0x0000000000001c1e                strnlen
 .text.avr-libc
                0x0000000000001c34       0xbc /usr/lib/gcc/avr/4.9.2/../../../avr/lib/avr5/libc.a(ultoa_invert.o)
                0x0000000000001c34                __ultoa_invert
 .text.libgcc.prologue
                0x0000000000001cf0       0x38 /usr/lib/gcc/avr/4.9.2/avr5/libgcc.a(_prologue.o)
                0x0000000000001cf0                __prologue_saves__
 .text.libgcc.prologue
                0x0000000000001d28       0x36 /usr/lib/gcc/avr/4.9.2/avr5/libgcc.a(_epilogue.o)
                0x0000000000001d28                __epilogue_restores__
                0x0000000000001d5e                . = ALIGN (0x2)
 *(.fini9)
 .fini9         0x0000000000001d5e        0x0 /usr/lib/gcc/avr/4.9.2/avr5/libgcc.a(_exit.o)
                0x0000000000001d5e                exit
                0x0000000000001d5e                _exit
 *(.fini9)
 *(.fini8)
 *(.fini8)
 *(.fini7)
 *(.fini7)
 *(.fini6)
 *(.fini6)
 *(.fini5)
 *(.fini5)
 *(.fini4)
 *(.fini4)
 *(.fini3)
 *(.fini3)
 *(.fini2)
 *(.fini2)
 *(.fini1)
 *(.fini1)
 *(.fini0)
 .fini0         0x0000000000001d5e        0x4 /usr/lib/gcc/avr/4.9.2/avr5/libgcc.a(_exit.o)
 *(.fini0)
                0x0000000000001d62                _etext = .

.data           0x0000000000800100      0x31e load address 0x0000000000001d62
                0x0000000000800100                PROVIDE (__data_start, .)
 *(.data)
 *(.data*)
 .data.motionPin
                0x0000000000800100        0x1 /home/bkfl/src/GitHub/bkfl/Task1.5HD/bin/arduino-uno/application_Task1.5HD.a(main.o)
                0x0000000000800100                motionPin
 .data.ledPin   0x0000000000800101        0x1 /home/bkfl/src/GitHub/bkfl/Task1.5HD/bin/arduino-uno/application_Task1.5HD.a(main.o)
                0x0000000000800101                ledPin
 .data.idle_name
                0x0000000000800102        0x2 /home/bkfl/src/GitHub/bkfl/Task1.5HD/bin/arduino-uno/core.a(kernel_init.o)
                0x0000000000800102                idle_name
 .data.main_name
                0x0000000000800104        0x2 /home/bkfl/src/GitHub/bkfl/Task1.5HD/bin/arduino-uno/core.a(kernel_init.o)
                0x0000000000800104                main_name
 .data._uart_stdin
                0x0000000000800106        0xe /home/bkfl/src/GitHub/bkfl/Task1.5HD/bin/arduino-uno/avr_libc_extra.a(atmega_stdio.o)
 .data._uart_stdout
                0x0000000000800114        0xe /home/bkfl/src/GitHub/bkfl/Task1.5HD/bin/arduino-uno/avr_libc_extra.a(atmega_stdio.o)
 .data.stdio_uart_isrpipe
                0x0000000000800122        0xa /home/bkfl/src/GitHub/bkfl/Task1.5HD/bin/arduino-uno/stdio_uart.a(stdio_uart.o)
                0x0000000000800122                stdio_uart_isrpipe
 *(.rodata)
 *(.rodata*)
 .rodata.str1.1
                0x000000000080012c       0x53 /home/bkfl/src/GitHub/bkfl/Task1.5HD/bin/arduino-uno/application_Task1.5HD.a(main.o)
 .rodata.str1.1
                0x000000000080017f       0x45 /home/bkfl/src/GitHub/bkfl/Task1.5HD/bin/arduino-uno/core.a(kernel_init.o)
 .rodata.str1.1
                0x00000000008001c4       0x41 /home/bkfl/src/GitHub/bkfl/Task1.5HD/bin/arduino-uno/core.a(panic.o)
                                         0x43 (size before relaxing)
 .rodata.assert_crash_message
                0x0000000000800205       0x12 /home/bkfl/src/GitHub/bkfl/Task1.5HD/bin/arduino-uno/core.a(panic.o)
                0x0000000000800205                assert_crash_message
 .rodata.str1.1
                0x0000000000800217      0x115 /home/bkfl/src/GitHub/bkfl/Task1.5HD/bin/arduino-uno/ps.a(ps.o)
 .rodata.state_names
                0x000000000080032c       0x18 /home/bkfl/src/GitHub/bkfl/Task1.5HD/bin/arduino-uno/ps.a(ps.o)
 .rodata.str1.1
                0x0000000000800344       0x82 /home/bkfl/src/GitHub/bkfl/Task1.5HD/bin/arduino-uno/shell.a(shell.o)
 .rodata.str1.1
                0x00000000008003c6       0x44 /home/bkfl/src/GitHub/bkfl/Task1.5HD/bin/arduino-uno/shell_commands.a(shell_commands.o)
 .rodata._shell_command_list
                0x000000000080040a       0x12 /home/bkfl/src/GitHub/bkfl/Task1.5HD/bin/arduino-uno/shell_commands.a(shell_commands.o)
                0x000000000080040a                _shell_command_list
 .rodata.str1.1
                0x000000000080041c        0x2 /home/bkfl/src/GitHub/bkfl/Task1.5HD/bin/arduino-uno/avr_libc_extra.a(atmega_stdio.o)
 *(.gnu.linkonce.d*)
                0x000000000080041e                . = ALIGN (0x2)
                0x000000000080041e                _edata = .
                0x000000000080041e                PROVIDE (__data_end, .)

.bss            0x000000000080041e      0x3c3
                0x000000000080041e                PROVIDE (__bss_start, .)
 *(.bss)
 *(.bss*)
 .bss.config    0x000000000080041e        0x8 /home/bkfl/src/GitHub/bkfl/Task1.5HD/bin/arduino-uno/atmega_common_periph.a(gpio.o)
 .bss.runqueue_bitcache
                0x0000000000800426        0x4 /home/bkfl/src/GitHub/bkfl/Task1.5HD/bin/arduino-uno/core.a(sched.o)
 .bss.sched_runqueues
                0x000000000080042a       0x20 /home/bkfl/src/GitHub/bkfl/Task1.5HD/bin/arduino-uno/core.a(sched.o)
                0x000000000080042a                sched_runqueues
 .bss.sched_active_pid
                0x000000000080044a        0x2 /home/bkfl/src/GitHub/bkfl/Task1.5HD/bin/arduino-uno/core.a(sched.o)
                0x000000000080044a                sched_active_pid
 .bss.sched_active_thread
                0x000000000080044c        0x2 /home/bkfl/src/GitHub/bkfl/Task1.5HD/bin/arduino-uno/core.a(sched.o)
                0x000000000080044c                sched_active_thread
 .bss.sched_threads
                0x000000000080044e       0x42 /home/bkfl/src/GitHub/bkfl/Task1.5HD/bin/arduino-uno/core.a(sched.o)
                0x000000000080044e                sched_threads
 .bss.sched_context_switch_request
                0x0000000000800490        0x2 /home/bkfl/src/GitHub/bkfl/Task1.5HD/bin/arduino-uno/core.a(sched.o)
                0x0000000000800490                sched_context_switch_request
 .bss.sched_num_threads
                0x0000000000800492        0x2 /home/bkfl/src/GitHub/bkfl/Task1.5HD/bin/arduino-uno/core.a(sched.o)
                0x0000000000800492                sched_num_threads
 .bss.idle_stack
                0x0000000000800494       0x80 /home/bkfl/src/GitHub/bkfl/Task1.5HD/bin/arduino-uno/core.a(kernel_init.o)
 .bss.main_stack
                0x0000000000800514      0x280 /home/bkfl/src/GitHub/bkfl/Task1.5HD/bin/arduino-uno/core.a(kernel_init.o)
 .bss.crashed   0x0000000000800794        0x2 /home/bkfl/src/GitHub/bkfl/Task1.5HD/bin/arduino-uno/core.a(panic.o)
 .bss.__in_isr  0x0000000000800796        0x1 /home/bkfl/src/GitHub/bkfl/Task1.5HD/bin/arduino-uno/atmega_common.a(irq_arch.o)
                0x0000000000800796                __in_isr
 .bss._rx_buf_mem
                0x0000000000800797       0x40 /home/bkfl/src/GitHub/bkfl/Task1.5HD/bin/arduino-uno/stdio_uart.a(stdio_uart.o)
 .bss.isr_ctx   0x00000000008007d7        0x4 /home/bkfl/src/GitHub/bkfl/Task1.5HD/bin/arduino-uno/atmega_common_periph.a(uart.o)
 *(COMMON)
 COMMON         0x00000000008007db        0x6 /usr/lib/gcc/avr/4.9.2/../../../avr/lib/avr5/libc.a(iob.o)
                0x00000000008007db                __iob
                0x00000000008007e1                PROVIDE (__bss_end, .)
                0x0000000000001d62                __data_load_start = LOADADDR (.data)
                0x0000000000002080                __data_load_end = (__data_load_start + SIZEOF (.data))

.noinit         0x00000000008007e1        0x2
                0x00000000008007e1                PROVIDE (__noinit_start, .)
 *(.noinit*)
 .noinit        0x00000000008007e1        0x2 /home/bkfl/src/GitHub/bkfl/Task1.5HD/bin/arduino-uno/atmega_common.a(cpu.o)
                0x00000000008007e1                soft_rst
                0x00000000008007e2                mcusr_mirror
                0x00000000008007e3                PROVIDE (__noinit_end, .)
                0x00000000008007e3                _end = .
                0x00000000008007e3                PROVIDE (__heap_start, .)

.eeprom         0x0000000000810000        0x0
 *(.eeprom*)
                0x0000000000810000                __eeprom_end = .

.fuse
 *(.fuse)
 *(.lfuse)
 *(.hfuse)
 *(.efuse)

.lock
 *(.lock*)

.signature
 *(.signature*)

.user_signatures
 *(.user_signatures*)

.stab
 *(.stab)

.stabstr
 *(.stabstr)

.stab.excl
 *(.stab.excl)

.stab.exclstr
 *(.stab.exclstr)

.stab.index
 *(.stab.index)

.stab.indexstr
 *(.stab.indexstr)

.comment        0x0000000000000000       0x11
 *(.comment)
 .comment       0x0000000000000000       0x11 /home/bkfl/src/GitHub/bkfl/Task1.5HD/bin/arduino-uno/atmega_common/startup.o
                                         0x12 (size before relaxing)
 .comment       0x0000000000000011       0x12 /home/bkfl/src/GitHub/bkfl/Task1.5HD/bin/arduino-uno/application_Task1.5HD.a(main.o)
 .comment       0x0000000000000011       0x12 /home/bkfl/src/GitHub/bkfl/Task1.5HD/bin/arduino-uno/atmega_common_periph.a(gpio.o)
 .comment       0x0000000000000011       0x12 /home/bkfl/src/GitHub/bkfl/Task1.5HD/bin/arduino-uno/boards_common_atmega.a(board.o)
 .comment       0x0000000000000011       0x12 /home/bkfl/src/GitHub/bkfl/Task1.5HD/bin/arduino-uno/core.a(sched.o)
 .comment       0x0000000000000011       0x12 /home/bkfl/src/GitHub/bkfl/Task1.5HD/bin/arduino-uno/core.a(kernel_init.o)
 .comment       0x0000000000000011       0x12 /home/bkfl/src/GitHub/bkfl/Task1.5HD/bin/arduino-uno/core.a(thread.o)
 .comment       0x0000000000000011       0x12 /home/bkfl/src/GitHub/bkfl/Task1.5HD/bin/arduino-uno/core.a(panic.o)
 .comment       0x0000000000000011       0x12 /home/bkfl/src/GitHub/bkfl/Task1.5HD/bin/arduino-uno/ps.a(ps.o)
 .comment       0x0000000000000011       0x12 /home/bkfl/src/GitHub/bkfl/Task1.5HD/bin/arduino-uno/shell.a(shell.o)
 .comment       0x0000000000000011       0x12 /home/bkfl/src/GitHub/bkfl/Task1.5HD/bin/arduino-uno/shell_commands.a(shell_commands.o)
 .comment       0x0000000000000011       0x12 /home/bkfl/src/GitHub/bkfl/Task1.5HD/bin/arduino-uno/shell_commands.a(sc_sys.o)
 .comment       0x0000000000000011       0x12 /home/bkfl/src/GitHub/bkfl/Task1.5HD/bin/arduino-uno/shell_commands.a(sc_ps.o)
 .comment       0x0000000000000011       0x12 /home/bkfl/src/GitHub/bkfl/Task1.5HD/bin/arduino-uno/periph_common.a(pm.o)
 .comment       0x0000000000000011       0x12 /home/bkfl/src/GitHub/bkfl/Task1.5HD/bin/arduino-uno/atmega_common.a(thread_arch.o)
 .comment       0x0000000000000011       0x12 /home/bkfl/src/GitHub/bkfl/Task1.5HD/bin/arduino-uno/atmega_common.a(cpu.o)
 .comment       0x0000000000000011       0x12 /home/bkfl/src/GitHub/bkfl/Task1.5HD/bin/arduino-uno/atmega_common.a(irq_arch.o)
 .comment       0x0000000000000011       0x12 /home/bkfl/src/GitHub/bkfl/Task1.5HD/bin/arduino-uno/atmega_common_periph.a(pm.o)
 .comment       0x0000000000000011       0x12 /home/bkfl/src/GitHub/bkfl/Task1.5HD/bin/arduino-uno/auto_init.a(auto_init.o)
 .comment       0x0000000000000011       0x12 /home/bkfl/src/GitHub/bkfl/Task1.5HD/bin/arduino-uno/avr_libc_extra.a(atmega_stdio.o)
 .comment       0x0000000000000011       0x12 /home/bkfl/src/GitHub/bkfl/Task1.5HD/bin/arduino-uno/boards_common_arduino-atmega.a(led_init.o)
 .comment       0x0000000000000011       0x12 /home/bkfl/src/GitHub/bkfl/Task1.5HD/bin/arduino-uno/stdio_uart.a(stdio_uart.o)
 .comment       0x0000000000000011       0x12 /home/bkfl/src/GitHub/bkfl/Task1.5HD/bin/arduino-uno/periph_common.a(init.o)
 .comment       0x0000000000000011       0x12 /home/bkfl/src/GitHub/bkfl/Task1.5HD/bin/arduino-uno/atmega_common_periph.a(uart.o)
 .comment       0x0000000000000011       0x12 /home/bkfl/src/GitHub/bkfl/Task1.5HD/bin/arduino-uno/isrpipe.a(isrpipe.o)
 .comment       0x0000000000000011       0x12 /home/bkfl/src/GitHub/bkfl/Task1.5HD/bin/arduino-uno/tsrb.a(tsrb.o)
 .comment       0x0000000000000011       0x12 /home/bkfl/src/GitHub/bkfl/Task1.5HD/bin/arduino-uno/core.a(mutex.o)
 .comment       0x0000000000000011       0x12 /usr/lib/gcc/avr/4.9.2/../../../avr/lib/avr5/libc.a(fgetc.o)
 .comment       0x0000000000000011       0x12 /usr/lib/gcc/avr/4.9.2/../../../avr/lib/avr5/libc.a(fputc.o)
 .comment       0x0000000000000011       0x12 /usr/lib/gcc/avr/4.9.2/../../../avr/lib/avr5/libc.a(iob.o)
 .comment       0x0000000000000011       0x12 /usr/lib/gcc/avr/4.9.2/../../../avr/lib/avr5/libc.a(printf.o)
 .comment       0x0000000000000011       0x12 /usr/lib/gcc/avr/4.9.2/../../../avr/lib/avr5/libc.a(puts.o)
 .comment       0x0000000000000011       0x12 /usr/lib/gcc/avr/4.9.2/../../../avr/lib/avr5/libc.a(vfprintf_std.o)

.note.gnu.avr.deviceinfo
                0x0000000000000000       0x40
 .note.gnu.avr.deviceinfo
                0x0000000000000000       0x40 /usr/lib/gcc/avr/4.9.2/../../../avr/lib/avr5/crtatmega328p.o

.note.gnu.build-id
 *(.note.gnu.build-id)

.debug
 *(.debug)

.line
 *(.line)

.debug_srcinfo
 *(.debug_srcinfo)

.debug_sfnames
 *(.debug_sfnames)

.debug_aranges  0x0000000000000000      0x548
 *(.debug_aranges)
 .debug_aranges
                0x0000000000000000       0x30 /home/bkfl/src/GitHub/bkfl/Task1.5HD/bin/arduino-uno/atmega_common/startup.o
 .debug_aranges
                0x0000000000000030       0x28 /home/bkfl/src/GitHub/bkfl/Task1.5HD/bin/arduino-uno/application_Task1.5HD.a(main.o)
 .debug_aranges
                0x0000000000000058       0x80 /home/bkfl/src/GitHub/bkfl/Task1.5HD/bin/arduino-uno/atmega_common_periph.a(gpio.o)
 .debug_aranges
                0x00000000000000d8       0x20 /home/bkfl/src/GitHub/bkfl/Task1.5HD/bin/arduino-uno/boards_common_atmega.a(board.o)
 .debug_aranges
                0x00000000000000f8       0x38 /home/bkfl/src/GitHub/bkfl/Task1.5HD/bin/arduino-uno/core.a(sched.o)
 .debug_aranges
                0x0000000000000130       0x30 /home/bkfl/src/GitHub/bkfl/Task1.5HD/bin/arduino-uno/core.a(kernel_init.o)
 .debug_aranges
                0x0000000000000160       0x60 /home/bkfl/src/GitHub/bkfl/Task1.5HD/bin/arduino-uno/core.a(thread.o)
 .debug_aranges
                0x00000000000001c0       0x28 /home/bkfl/src/GitHub/bkfl/Task1.5HD/bin/arduino-uno/core.a(panic.o)
 .debug_aranges
                0x00000000000001e8       0x20 /home/bkfl/src/GitHub/bkfl/Task1.5HD/bin/arduino-uno/ps.a(ps.o)
 .debug_aranges
                0x0000000000000208       0x28 /home/bkfl/src/GitHub/bkfl/Task1.5HD/bin/arduino-uno/shell.a(shell.o)
 .debug_aranges
                0x0000000000000230       0x18 /home/bkfl/src/GitHub/bkfl/Task1.5HD/bin/arduino-uno/shell_commands.a(shell_commands.o)
 .debug_aranges
                0x0000000000000248       0x20 /home/bkfl/src/GitHub/bkfl/Task1.5HD/bin/arduino-uno/shell_commands.a(sc_sys.o)
 .debug_aranges
                0x0000000000000268       0x20 /home/bkfl/src/GitHub/bkfl/Task1.5HD/bin/arduino-uno/shell_commands.a(sc_ps.o)
 .debug_aranges
                0x0000000000000288       0x28 /home/bkfl/src/GitHub/bkfl/Task1.5HD/bin/arduino-uno/periph_common.a(pm.o)
 .debug_aranges
                0x00000000000002b0       0x48 /home/bkfl/src/GitHub/bkfl/Task1.5HD/bin/arduino-uno/atmega_common.a(thread_arch.o)
 .debug_aranges
                0x00000000000002f8       0x38 /home/bkfl/src/GitHub/bkfl/Task1.5HD/bin/arduino-uno/atmega_common.a(cpu.o)
 .debug_aranges
                0x0000000000000330       0x38 /home/bkfl/src/GitHub/bkfl/Task1.5HD/bin/arduino-uno/atmega_common.a(irq_arch.o)
 .debug_aranges
                0x0000000000000368       0x20 /home/bkfl/src/GitHub/bkfl/Task1.5HD/bin/arduino-uno/atmega_common_periph.a(pm.o)
 .debug_aranges
                0x0000000000000388       0x20 /home/bkfl/src/GitHub/bkfl/Task1.5HD/bin/arduino-uno/auto_init.a(auto_init.o)
 .debug_aranges
                0x00000000000003a8       0x30 /home/bkfl/src/GitHub/bkfl/Task1.5HD/bin/arduino-uno/avr_libc_extra.a(atmega_stdio.o)
 .debug_aranges
                0x00000000000003d8       0x20 /home/bkfl/src/GitHub/bkfl/Task1.5HD/bin/arduino-uno/boards_common_arduino-atmega.a(led_init.o)
 .debug_aranges
                0x00000000000003f8       0x30 /home/bkfl/src/GitHub/bkfl/Task1.5HD/bin/arduino-uno/stdio_uart.a(stdio_uart.o)
 .debug_aranges
                0x0000000000000428       0x20 /home/bkfl/src/GitHub/bkfl/Task1.5HD/bin/arduino-uno/periph_common.a(init.o)
 .debug_aranges
                0x0000000000000448       0x40 /home/bkfl/src/GitHub/bkfl/Task1.5HD/bin/arduino-uno/atmega_common_periph.a(uart.o)
 .debug_aranges
                0x0000000000000488       0x48 /home/bkfl/src/GitHub/bkfl/Task1.5HD/bin/arduino-uno/isrpipe.a(isrpipe.o)
 .debug_aranges
                0x00000000000004d0       0x48 /home/bkfl/src/GitHub/bkfl/Task1.5HD/bin/arduino-uno/tsrb.a(tsrb.o)
 .debug_aranges
                0x0000000000000518       0x30 /home/bkfl/src/GitHub/bkfl/Task1.5HD/bin/arduino-uno/core.a(mutex.o)

.debug_pubnames
 *(.debug_pubnames)

.debug_info     0x0000000000000000     0x7259
 *(.debug_info .gnu.linkonce.wi.*)
 .debug_info    0x0000000000000000      0x263 /home/bkfl/src/GitHub/bkfl/Task1.5HD/bin/arduino-uno/atmega_common/startup.o
 .debug_info    0x0000000000000263      0x58a /home/bkfl/src/GitHub/bkfl/Task1.5HD/bin/arduino-uno/application_Task1.5HD.a(main.o)
 .debug_info    0x00000000000007ed      0xa03 /home/bkfl/src/GitHub/bkfl/Task1.5HD/bin/arduino-uno/atmega_common_periph.a(gpio.o)
 .debug_info    0x00000000000011f0      0x2d9 /home/bkfl/src/GitHub/bkfl/Task1.5HD/bin/arduino-uno/boards_common_atmega.a(board.o)
 .debug_info    0x00000000000014c9      0x638 /home/bkfl/src/GitHub/bkfl/Task1.5HD/bin/arduino-uno/core.a(sched.o)
 .debug_info    0x0000000000001b01      0x393 /home/bkfl/src/GitHub/bkfl/Task1.5HD/bin/arduino-uno/core.a(kernel_init.o)
 .debug_info    0x0000000000001e94      0xa57 /home/bkfl/src/GitHub/bkfl/Task1.5HD/bin/arduino-uno/core.a(thread.o)
 .debug_info    0x00000000000028eb      0x2ab /home/bkfl/src/GitHub/bkfl/Task1.5HD/bin/arduino-uno/core.a(panic.o)
 .debug_info    0x0000000000002b96      0x460 /home/bkfl/src/GitHub/bkfl/Task1.5HD/bin/arduino-uno/ps.a(ps.o)
 .debug_info    0x0000000000002ff6      0x7b9 /home/bkfl/src/GitHub/bkfl/Task1.5HD/bin/arduino-uno/shell.a(shell.o)
 .debug_info    0x00000000000037af      0x10a /home/bkfl/src/GitHub/bkfl/Task1.5HD/bin/arduino-uno/shell_commands.a(shell_commands.o)
 .debug_info    0x00000000000038b9      0x141 /home/bkfl/src/GitHub/bkfl/Task1.5HD/bin/arduino-uno/shell_commands.a(sc_sys.o)
 .debug_info    0x00000000000039fa       0x93 /home/bkfl/src/GitHub/bkfl/Task1.5HD/bin/arduino-uno/shell_commands.a(sc_ps.o)
 .debug_info    0x0000000000003a8d      0x12d /home/bkfl/src/GitHub/bkfl/Task1.5HD/bin/arduino-uno/periph_common.a(pm.o)
 .debug_info    0x0000000000003bba      0x6dd /home/bkfl/src/GitHub/bkfl/Task1.5HD/bin/arduino-uno/atmega_common.a(thread_arch.o)
 .debug_info    0x0000000000004297      0x59d /home/bkfl/src/GitHub/bkfl/Task1.5HD/bin/arduino-uno/atmega_common.a(cpu.o)
 .debug_info    0x0000000000004834      0x205 /home/bkfl/src/GitHub/bkfl/Task1.5HD/bin/arduino-uno/atmega_common.a(irq_arch.o)
 .debug_info    0x0000000000004a39      0x15c /home/bkfl/src/GitHub/bkfl/Task1.5HD/bin/arduino-uno/atmega_common_periph.a(pm.o)
 .debug_info    0x0000000000004b95       0xcc /home/bkfl/src/GitHub/bkfl/Task1.5HD/bin/arduino-uno/auto_init.a(auto_init.o)
 .debug_info    0x0000000000004c61      0x455 /home/bkfl/src/GitHub/bkfl/Task1.5HD/bin/arduino-uno/avr_libc_extra.a(atmega_stdio.o)
 .debug_info    0x00000000000050b6      0x275 /home/bkfl/src/GitHub/bkfl/Task1.5HD/bin/arduino-uno/boards_common_arduino-atmega.a(led_init.o)
 .debug_info    0x000000000000532b      0x4e2 /home/bkfl/src/GitHub/bkfl/Task1.5HD/bin/arduino-uno/stdio_uart.a(stdio_uart.o)
 .debug_info    0x000000000000580d       0x40 /home/bkfl/src/GitHub/bkfl/Task1.5HD/bin/arduino-uno/periph_common.a(init.o)
 .debug_info    0x000000000000584d      0x5d9 /home/bkfl/src/GitHub/bkfl/Task1.5HD/bin/arduino-uno/atmega_common_periph.a(uart.o)
 .debug_info    0x0000000000005e26      0x9a7 /home/bkfl/src/GitHub/bkfl/Task1.5HD/bin/arduino-uno/isrpipe.a(isrpipe.o)
 .debug_info    0x00000000000067cd      0x3d9 /home/bkfl/src/GitHub/bkfl/Task1.5HD/bin/arduino-uno/tsrb.a(tsrb.o)
 .debug_info    0x0000000000006ba6      0x6b3 /home/bkfl/src/GitHub/bkfl/Task1.5HD/bin/arduino-uno/core.a(mutex.o)

.debug_abbrev   0x0000000000000000     0x2d3a
 *(.debug_abbrev)
 .debug_abbrev  0x0000000000000000      0x136 /home/bkfl/src/GitHub/bkfl/Task1.5HD/bin/arduino-uno/atmega_common/startup.o
 .debug_abbrev  0x0000000000000136      0x20e /home/bkfl/src/GitHub/bkfl/Task1.5HD/bin/arduino-uno/application_Task1.5HD.a(main.o)
 .debug_abbrev  0x0000000000000344      0x316 /home/bkfl/src/GitHub/bkfl/Task1.5HD/bin/arduino-uno/atmega_common_periph.a(gpio.o)
 .debug_abbrev  0x000000000000065a      0x169 /home/bkfl/src/GitHub/bkfl/Task1.5HD/bin/arduino-uno/boards_common_atmega.a(board.o)
 .debug_abbrev  0x00000000000007c3      0x293 /home/bkfl/src/GitHub/bkfl/Task1.5HD/bin/arduino-uno/core.a(sched.o)
 .debug_abbrev  0x0000000000000a56      0x1b0 /home/bkfl/src/GitHub/bkfl/Task1.5HD/bin/arduino-uno/core.a(kernel_init.o)
 .debug_abbrev  0x0000000000000c06      0x2fd /home/bkfl/src/GitHub/bkfl/Task1.5HD/bin/arduino-uno/core.a(thread.o)
 .debug_abbrev  0x0000000000000f03      0x1a5 /home/bkfl/src/GitHub/bkfl/Task1.5HD/bin/arduino-uno/core.a(panic.o)
 .debug_abbrev  0x00000000000010a8      0x1b6 /home/bkfl/src/GitHub/bkfl/Task1.5HD/bin/arduino-uno/ps.a(ps.o)
 .debug_abbrev  0x000000000000125e      0x2db /home/bkfl/src/GitHub/bkfl/Task1.5HD/bin/arduino-uno/shell.a(shell.o)
 .debug_abbrev  0x0000000000001539       0x97 /home/bkfl/src/GitHub/bkfl/Task1.5HD/bin/arduino-uno/shell_commands.a(shell_commands.o)
 .debug_abbrev  0x00000000000015d0       0xc8 /home/bkfl/src/GitHub/bkfl/Task1.5HD/bin/arduino-uno/shell_commands.a(sc_sys.o)
 .debug_abbrev  0x0000000000001698       0x7d /home/bkfl/src/GitHub/bkfl/Task1.5HD/bin/arduino-uno/shell_commands.a(sc_ps.o)
 .debug_abbrev  0x0000000000001715       0xc8 /home/bkfl/src/GitHub/bkfl/Task1.5HD/bin/arduino-uno/periph_common.a(pm.o)
 .debug_abbrev  0x00000000000017dd      0x268 /home/bkfl/src/GitHub/bkfl/Task1.5HD/bin/arduino-uno/atmega_common.a(thread_arch.o)
 .debug_abbrev  0x0000000000001a45      0x21e /home/bkfl/src/GitHub/bkfl/Task1.5HD/bin/arduino-uno/atmega_common.a(cpu.o)
 .debug_abbrev  0x0000000000001c63      0x16d /home/bkfl/src/GitHub/bkfl/Task1.5HD/bin/arduino-uno/atmega_common.a(irq_arch.o)
 .debug_abbrev  0x0000000000001dd0       0xe8 /home/bkfl/src/GitHub/bkfl/Task1.5HD/bin/arduino-uno/atmega_common_periph.a(pm.o)
 .debug_abbrev  0x0000000000001eb8       0x90 /home/bkfl/src/GitHub/bkfl/Task1.5HD/bin/arduino-uno/auto_init.a(auto_init.o)
 .debug_abbrev  0x0000000000001f48      0x1fe /home/bkfl/src/GitHub/bkfl/Task1.5HD/bin/arduino-uno/avr_libc_extra.a(atmega_stdio.o)
 .debug_abbrev  0x0000000000002146      0x125 /home/bkfl/src/GitHub/bkfl/Task1.5HD/bin/arduino-uno/boards_common_arduino-atmega.a(led_init.o)
 .debug_abbrev  0x000000000000226b      0x1e2 /home/bkfl/src/GitHub/bkfl/Task1.5HD/bin/arduino-uno/stdio_uart.a(stdio_uart.o)
 .debug_abbrev  0x000000000000244d       0x2f /home/bkfl/src/GitHub/bkfl/Task1.5HD/bin/arduino-uno/periph_common.a(init.o)
 .debug_abbrev  0x000000000000247c      0x251 /home/bkfl/src/GitHub/bkfl/Task1.5HD/bin/arduino-uno/atmega_common_periph.a(uart.o)
 .debug_abbrev  0x00000000000026cd      0x27b /home/bkfl/src/GitHub/bkfl/Task1.5HD/bin/arduino-uno/isrpipe.a(isrpipe.o)
 .debug_abbrev  0x0000000000002948      0x18d /home/bkfl/src/GitHub/bkfl/Task1.5HD/bin/arduino-uno/tsrb.a(tsrb.o)
 .debug_abbrev  0x0000000000002ad5      0x265 /home/bkfl/src/GitHub/bkfl/Task1.5HD/bin/arduino-uno/core.a(mutex.o)

.debug_line     0x0000000000000000     0x8016
 *(.debug_line .debug_line.* .debug_line_end)
 .debug_line    0x0000000000000000      0x5f6 /home/bkfl/src/GitHub/bkfl/Task1.5HD/bin/arduino-uno/atmega_common/startup.o
 .debug_line    0x00000000000005f6      0x5a7 /home/bkfl/src/GitHub/bkfl/Task1.5HD/bin/arduino-uno/application_Task1.5HD.a(main.o)
 .debug_line    0x0000000000000b9d      0x6c1 /home/bkfl/src/GitHub/bkfl/Task1.5HD/bin/arduino-uno/atmega_common_periph.a(gpio.o)
 .debug_line    0x000000000000125e      0x5e1 /home/bkfl/src/GitHub/bkfl/Task1.5HD/bin/arduino-uno/boards_common_atmega.a(board.o)
 .debug_line    0x000000000000183f      0x47d /home/bkfl/src/GitHub/bkfl/Task1.5HD/bin/arduino-uno/core.a(sched.o)
 .debug_line    0x0000000000001cbc      0x536 /home/bkfl/src/GitHub/bkfl/Task1.5HD/bin/arduino-uno/core.a(kernel_init.o)
 .debug_line    0x00000000000021f2      0x50a /home/bkfl/src/GitHub/bkfl/Task1.5HD/bin/arduino-uno/core.a(thread.o)
 .debug_line    0x00000000000026fc      0x511 /home/bkfl/src/GitHub/bkfl/Task1.5HD/bin/arduino-uno/core.a(panic.o)
 .debug_line    0x0000000000002c0d      0x3f5 /home/bkfl/src/GitHub/bkfl/Task1.5HD/bin/arduino-uno/ps.a(ps.o)
 .debug_line    0x0000000000003002      0x2e1 /home/bkfl/src/GitHub/bkfl/Task1.5HD/bin/arduino-uno/shell.a(shell.o)
 .debug_line    0x00000000000032e3      0x1a8 /home/bkfl/src/GitHub/bkfl/Task1.5HD/bin/arduino-uno/shell_commands.a(shell_commands.o)
 .debug_line    0x000000000000348b      0x4a0 /home/bkfl/src/GitHub/bkfl/Task1.5HD/bin/arduino-uno/shell_commands.a(sc_sys.o)
 .debug_line    0x000000000000392b       0xf1 /home/bkfl/src/GitHub/bkfl/Task1.5HD/bin/arduino-uno/shell_commands.a(sc_ps.o)
 .debug_line    0x0000000000003a1c      0x4bd /home/bkfl/src/GitHub/bkfl/Task1.5HD/bin/arduino-uno/periph_common.a(pm.o)
 .debug_line    0x0000000000003ed9      0x69e /home/bkfl/src/GitHub/bkfl/Task1.5HD/bin/arduino-uno/atmega_common.a(thread_arch.o)
 .debug_line    0x0000000000004577      0x645 /home/bkfl/src/GitHub/bkfl/Task1.5HD/bin/arduino-uno/atmega_common.a(cpu.o)
 .debug_line    0x0000000000004bbc      0x448 /home/bkfl/src/GitHub/bkfl/Task1.5HD/bin/arduino-uno/atmega_common.a(irq_arch.o)
 .debug_line    0x0000000000005004      0x4bc /home/bkfl/src/GitHub/bkfl/Task1.5HD/bin/arduino-uno/atmega_common_periph.a(pm.o)
 .debug_line    0x00000000000054c0      0x422 /home/bkfl/src/GitHub/bkfl/Task1.5HD/bin/arduino-uno/auto_init.a(auto_init.o)
 .debug_line    0x00000000000058e2      0x666 /home/bkfl/src/GitHub/bkfl/Task1.5HD/bin/arduino-uno/avr_libc_extra.a(atmega_stdio.o)
 .debug_line    0x0000000000005f48      0x5de /home/bkfl/src/GitHub/bkfl/Task1.5HD/bin/arduino-uno/boards_common_arduino-atmega.a(led_init.o)
 .debug_line    0x0000000000006526      0x696 /home/bkfl/src/GitHub/bkfl/Task1.5HD/bin/arduino-uno/stdio_uart.a(stdio_uart.o)
 .debug_line    0x0000000000006bbc       0xba /home/bkfl/src/GitHub/bkfl/Task1.5HD/bin/arduino-uno/periph_common.a(init.o)
 .debug_line    0x0000000000006c76      0x5f1 /home/bkfl/src/GitHub/bkfl/Task1.5HD/bin/arduino-uno/atmega_common_periph.a(uart.o)
 .debug_line    0x0000000000007267      0x756 /home/bkfl/src/GitHub/bkfl/Task1.5HD/bin/arduino-uno/isrpipe.a(isrpipe.o)
 .debug_line    0x00000000000079bd      0x20d /home/bkfl/src/GitHub/bkfl/Task1.5HD/bin/arduino-uno/tsrb.a(tsrb.o)
 .debug_line    0x0000000000007bca      0x44c /home/bkfl/src/GitHub/bkfl/Task1.5HD/bin/arduino-uno/core.a(mutex.o)

.debug_frame    0x0000000000000000      0xc84
 *(.debug_frame)
 .debug_frame   0x0000000000000000       0x44 /home/bkfl/src/GitHub/bkfl/Task1.5HD/bin/arduino-uno/atmega_common/startup.o
 .debug_frame   0x0000000000000044       0x50 /home/bkfl/src/GitHub/bkfl/Task1.5HD/bin/arduino-uno/application_Task1.5HD.a(main.o)
 .debug_frame   0x0000000000000094      0x1b0 /home/bkfl/src/GitHub/bkfl/Task1.5HD/bin/arduino-uno/atmega_common_periph.a(gpio.o)
 .debug_frame   0x0000000000000244       0x24 /home/bkfl/src/GitHub/bkfl/Task1.5HD/bin/arduino-uno/boards_common_atmega.a(board.o)
 .debug_frame   0x0000000000000268       0x68 /home/bkfl/src/GitHub/bkfl/Task1.5HD/bin/arduino-uno/core.a(sched.o)
 .debug_frame   0x00000000000002d0       0x50 /home/bkfl/src/GitHub/bkfl/Task1.5HD/bin/arduino-uno/core.a(kernel_init.o)
 .debug_frame   0x0000000000000320      0x124 /home/bkfl/src/GitHub/bkfl/Task1.5HD/bin/arduino-uno/core.a(thread.o)
 .debug_frame   0x0000000000000444       0x44 /home/bkfl/src/GitHub/bkfl/Task1.5HD/bin/arduino-uno/core.a(panic.o)
 .debug_frame   0x0000000000000488       0x80 /home/bkfl/src/GitHub/bkfl/Task1.5HD/bin/arduino-uno/ps.a(ps.o)
 .debug_frame   0x0000000000000508       0xa0 /home/bkfl/src/GitHub/bkfl/Task1.5HD/bin/arduino-uno/shell.a(shell.o)
 .debug_frame   0x00000000000005a8       0x24 /home/bkfl/src/GitHub/bkfl/Task1.5HD/bin/arduino-uno/shell_commands.a(sc_sys.o)
 .debug_frame   0x00000000000005cc       0x24 /home/bkfl/src/GitHub/bkfl/Task1.5HD/bin/arduino-uno/shell_commands.a(sc_ps.o)
 .debug_frame   0x00000000000005f0       0x34 /home/bkfl/src/GitHub/bkfl/Task1.5HD/bin/arduino-uno/periph_common.a(pm.o)
 .debug_frame   0x0000000000000624       0xd8 /home/bkfl/src/GitHub/bkfl/Task1.5HD/bin/arduino-uno/atmega_common.a(thread_arch.o)
 .debug_frame   0x00000000000006fc       0x60 /home/bkfl/src/GitHub/bkfl/Task1.5HD/bin/arduino-uno/atmega_common.a(cpu.o)
 .debug_frame   0x000000000000075c       0x60 /home/bkfl/src/GitHub/bkfl/Task1.5HD/bin/arduino-uno/atmega_common.a(irq_arch.o)
 .debug_frame   0x00000000000007bc       0x24 /home/bkfl/src/GitHub/bkfl/Task1.5HD/bin/arduino-uno/atmega_common_periph.a(pm.o)
 .debug_frame   0x00000000000007e0       0x24 /home/bkfl/src/GitHub/bkfl/Task1.5HD/bin/arduino-uno/auto_init.a(auto_init.o)
 .debug_frame   0x0000000000000804       0x64 /home/bkfl/src/GitHub/bkfl/Task1.5HD/bin/arduino-uno/avr_libc_extra.a(atmega_stdio.o)
 .debug_frame   0x0000000000000868       0x24 /home/bkfl/src/GitHub/bkfl/Task1.5HD/bin/arduino-uno/boards_common_arduino-atmega.a(led_init.o)
 .debug_frame   0x000000000000088c       0x5c /home/bkfl/src/GitHub/bkfl/Task1.5HD/bin/arduino-uno/stdio_uart.a(stdio_uart.o)
 .debug_frame   0x00000000000008e8       0x24 /home/bkfl/src/GitHub/bkfl/Task1.5HD/bin/arduino-uno/periph_common.a(init.o)
 .debug_frame   0x000000000000090c       0xc0 /home/bkfl/src/GitHub/bkfl/Task1.5HD/bin/arduino-uno/atmega_common_periph.a(uart.o)
 .debug_frame   0x00000000000009cc      0x144 /home/bkfl/src/GitHub/bkfl/Task1.5HD/bin/arduino-uno/isrpipe.a(isrpipe.o)
 .debug_frame   0x0000000000000b10       0xdc /home/bkfl/src/GitHub/bkfl/Task1.5HD/bin/arduino-uno/tsrb.a(tsrb.o)
 .debug_frame   0x0000000000000bec       0x98 /home/bkfl/src/GitHub/bkfl/Task1.5HD/bin/arduino-uno/core.a(mutex.o)

.debug_str      0x0000000000000000     0xd0af
 *(.debug_str)
 .debug_str     0x0000000000000000     0x90a0 /home/bkfl/src/GitHub/bkfl/Task1.5HD/bin/arduino-uno/atmega_common/startup.o
                                       0x929b (size before relaxing)
 .debug_str     0x00000000000090a0      0x3b4 /home/bkfl/src/GitHub/bkfl/Task1.5HD/bin/arduino-uno/application_Task1.5HD.a(main.o)
                                       0x8fb8 (size before relaxing)
 .debug_str     0x0000000000009454      0x210 /home/bkfl/src/GitHub/bkfl/Task1.5HD/bin/arduino-uno/atmega_common_periph.a(gpio.o)
                                       0x8f06 (size before relaxing)
 .debug_str     0x0000000000009664      0x1c3 /home/bkfl/src/GitHub/bkfl/Task1.5HD/bin/arduino-uno/boards_common_atmega.a(board.o)
                                       0x93c8 (size before relaxing)
 .debug_str     0x0000000000009827      0x65c /home/bkfl/src/GitHub/bkfl/Task1.5HD/bin/arduino-uno/core.a(sched.o)
                                       0x8a20 (size before relaxing)
 .debug_str     0x0000000000009e83      0x5a2 /home/bkfl/src/GitHub/bkfl/Task1.5HD/bin/arduino-uno/core.a(kernel_init.o)
                                       0x91d9 (size before relaxing)
 .debug_str     0x000000000000a425      0x21e /home/bkfl/src/GitHub/bkfl/Task1.5HD/bin/arduino-uno/core.a(thread.o)
                                       0x8dca (size before relaxing)
 .debug_str     0x000000000000a643       0xb3 /home/bkfl/src/GitHub/bkfl/Task1.5HD/bin/arduino-uno/core.a(panic.o)
                                       0x8e11 (size before relaxing)
 .debug_str     0x000000000000a6f6       0xaa /home/bkfl/src/GitHub/bkfl/Task1.5HD/bin/arduino-uno/ps.a(ps.o)
                                       0x8617 (size before relaxing)
 .debug_str     0x000000000000a7a0      0x3af /home/bkfl/src/GitHub/bkfl/Task1.5HD/bin/arduino-uno/shell.a(shell.o)
                                       0x49f1 (size before relaxing)
 .debug_str     0x000000000000ab4f       0xa4 /home/bkfl/src/GitHub/bkfl/Task1.5HD/bin/arduino-uno/shell_commands.a(shell_commands.o)
                                       0x3cf3 (size before relaxing)
 .debug_str     0x000000000000abf3       0xa6 /home/bkfl/src/GitHub/bkfl/Task1.5HD/bin/arduino-uno/shell_commands.a(sc_sys.o)
                                       0x8a17 (size before relaxing)
 .debug_str     0x000000000000ac99       0x95 /home/bkfl/src/GitHub/bkfl/Task1.5HD/bin/arduino-uno/shell_commands.a(sc_ps.o)
                                       0x2e01 (size before relaxing)
 .debug_str     0x000000000000ad2e       0x86 /home/bkfl/src/GitHub/bkfl/Task1.5HD/bin/arduino-uno/periph_common.a(pm.o)
                                       0x8b60 (size before relaxing)
 .debug_str     0x000000000000adb4      0x111 /home/bkfl/src/GitHub/bkfl/Task1.5HD/bin/arduino-uno/atmega_common.a(thread_arch.o)
                                       0x9587 (size before relaxing)
 .debug_str     0x000000000000aec5     0x139a /home/bkfl/src/GitHub/bkfl/Task1.5HD/bin/arduino-uno/atmega_common.a(cpu.o)
                                       0xa9b3 (size before relaxing)
 .debug_str     0x000000000000c25f       0xc1 /home/bkfl/src/GitHub/bkfl/Task1.5HD/bin/arduino-uno/atmega_common.a(irq_arch.o)
                                       0x8832 (size before relaxing)
 .debug_str     0x000000000000c320       0x7f /home/bkfl/src/GitHub/bkfl/Task1.5HD/bin/arduino-uno/atmega_common_periph.a(pm.o)
                                       0x8b0e (size before relaxing)
 .debug_str     0x000000000000c39f       0x8b /home/bkfl/src/GitHub/bkfl/Task1.5HD/bin/arduino-uno/auto_init.a(auto_init.o)
                                       0x851c (size before relaxing)
 .debug_str     0x000000000000c42a      0x1bc /home/bkfl/src/GitHub/bkfl/Task1.5HD/bin/arduino-uno/avr_libc_extra.a(atmega_stdio.o)
                                       0x93d7 (size before relaxing)
 .debug_str     0x000000000000c5e6       0xa6 /home/bkfl/src/GitHub/bkfl/Task1.5HD/bin/arduino-uno/boards_common_arduino-atmega.a(led_init.o)
                                       0x92d4 (size before relaxing)
 .debug_str     0x000000000000c68c      0x25d /home/bkfl/src/GitHub/bkfl/Task1.5HD/bin/arduino-uno/stdio_uart.a(stdio_uart.o)
                                       0x9686 (size before relaxing)
 .debug_str     0x000000000000c8e9       0x8c /home/bkfl/src/GitHub/bkfl/Task1.5HD/bin/arduino-uno/periph_common.a(init.o)
                                       0x2def (size before relaxing)
 .debug_str     0x000000000000c975      0x178 /home/bkfl/src/GitHub/bkfl/Task1.5HD/bin/arduino-uno/atmega_common_periph.a(uart.o)
                                       0x8e1e (size before relaxing)
 .debug_str     0x000000000000caed      0x458 /home/bkfl/src/GitHub/bkfl/Task1.5HD/bin/arduino-uno/isrpipe.a(isrpipe.o)
                                       0x9cbe (size before relaxing)
 .debug_str     0x000000000000cf45       0xb2 /home/bkfl/src/GitHub/bkfl/Task1.5HD/bin/arduino-uno/tsrb.a(tsrb.o)
                                       0x33ff (size before relaxing)
 .debug_str     0x000000000000cff7       0xb8 /home/bkfl/src/GitHub/bkfl/Task1.5HD/bin/arduino-uno/core.a(mutex.o)
                                       0x8858 (size before relaxing)

.debug_loc      0x0000000000000000     0x35a7
 *(.debug_loc)
 .debug_loc     0x0000000000000000       0x8a /home/bkfl/src/GitHub/bkfl/Task1.5HD/bin/arduino-uno/application_Task1.5HD.a(main.o)
 .debug_loc     0x000000000000008a      0x79f /home/bkfl/src/GitHub/bkfl/Task1.5HD/bin/arduino-uno/atmega_common_periph.a(gpio.o)
 .debug_loc     0x0000000000000829      0x27b /home/bkfl/src/GitHub/bkfl/Task1.5HD/bin/arduino-uno/core.a(sched.o)
 .debug_loc     0x0000000000000aa4       0x62 /home/bkfl/src/GitHub/bkfl/Task1.5HD/bin/arduino-uno/core.a(kernel_init.o)
 .debug_loc     0x0000000000000b06      0x7e5 /home/bkfl/src/GitHub/bkfl/Task1.5HD/bin/arduino-uno/core.a(thread.o)
 .debug_loc     0x00000000000012eb       0xc9 /home/bkfl/src/GitHub/bkfl/Task1.5HD/bin/arduino-uno/core.a(panic.o)
 .debug_loc     0x00000000000013b4      0x1e2 /home/bkfl/src/GitHub/bkfl/Task1.5HD/bin/arduino-uno/ps.a(ps.o)
 .debug_loc     0x0000000000001596      0x5d0 /home/bkfl/src/GitHub/bkfl/Task1.5HD/bin/arduino-uno/shell.a(shell.o)
 .debug_loc     0x0000000000001b66       0x4c /home/bkfl/src/GitHub/bkfl/Task1.5HD/bin/arduino-uno/shell_commands.a(sc_sys.o)
 .debug_loc     0x0000000000001bb2       0x4c /home/bkfl/src/GitHub/bkfl/Task1.5HD/bin/arduino-uno/shell_commands.a(sc_ps.o)
 .debug_loc     0x0000000000001bfe      0x3af /home/bkfl/src/GitHub/bkfl/Task1.5HD/bin/arduino-uno/atmega_common.a(thread_arch.o)
 .debug_loc     0x0000000000001fad       0x2f /home/bkfl/src/GitHub/bkfl/Task1.5HD/bin/arduino-uno/atmega_common.a(cpu.o)
 .debug_loc     0x0000000000001fdc       0x42 /home/bkfl/src/GitHub/bkfl/Task1.5HD/bin/arduino-uno/atmega_common.a(irq_arch.o)
 .debug_loc     0x000000000000201e      0x108 /home/bkfl/src/GitHub/bkfl/Task1.5HD/bin/arduino-uno/avr_libc_extra.a(atmega_stdio.o)
 .debug_loc     0x0000000000002126      0x148 /home/bkfl/src/GitHub/bkfl/Task1.5HD/bin/arduino-uno/stdio_uart.a(stdio_uart.o)
 .debug_loc     0x000000000000226e      0x2c3 /home/bkfl/src/GitHub/bkfl/Task1.5HD/bin/arduino-uno/atmega_common_periph.a(uart.o)
 .debug_loc     0x0000000000002531      0x815 /home/bkfl/src/GitHub/bkfl/Task1.5HD/bin/arduino-uno/isrpipe.a(isrpipe.o)
 .debug_loc     0x0000000000002d46      0x4c1 /home/bkfl/src/GitHub/bkfl/Task1.5HD/bin/arduino-uno/tsrb.a(tsrb.o)
 .debug_loc     0x0000000000003207      0x3a0 /home/bkfl/src/GitHub/bkfl/Task1.5HD/bin/arduino-uno/core.a(mutex.o)

.debug_macinfo
 *(.debug_macinfo)

.debug_weaknames
 *(.debug_weaknames)

.debug_funcnames
 *(.debug_funcnames)

.debug_typenames
 *(.debug_typenames)

.debug_varnames
 *(.debug_varnames)

.debug_pubtypes
 *(.debug_pubtypes)

.debug_ranges   0x0000000000000000      0x440
 *(.debug_ranges)
 .debug_ranges  0x0000000000000000       0x20 /home/bkfl/src/GitHub/bkfl/Task1.5HD/bin/arduino-uno/atmega_common/startup.o
 .debug_ranges  0x0000000000000020       0x18 /home/bkfl/src/GitHub/bkfl/Task1.5HD/bin/arduino-uno/application_Task1.5HD.a(main.o)
 .debug_ranges  0x0000000000000038       0x70 /home/bkfl/src/GitHub/bkfl/Task1.5HD/bin/arduino-uno/atmega_common_periph.a(gpio.o)
 .debug_ranges  0x00000000000000a8       0x10 /home/bkfl/src/GitHub/bkfl/Task1.5HD/bin/arduino-uno/boards_common_atmega.a(board.o)
 .debug_ranges  0x00000000000000b8       0x28 /home/bkfl/src/GitHub/bkfl/Task1.5HD/bin/arduino-uno/core.a(sched.o)
 .debug_ranges  0x00000000000000e0       0x20 /home/bkfl/src/GitHub/bkfl/Task1.5HD/bin/arduino-uno/core.a(kernel_init.o)
 .debug_ranges  0x0000000000000100       0x68 /home/bkfl/src/GitHub/bkfl/Task1.5HD/bin/arduino-uno/core.a(thread.o)
 .debug_ranges  0x0000000000000168       0x18 /home/bkfl/src/GitHub/bkfl/Task1.5HD/bin/arduino-uno/core.a(panic.o)
 .debug_ranges  0x0000000000000180       0x28 /home/bkfl/src/GitHub/bkfl/Task1.5HD/bin/arduino-uno/ps.a(ps.o)
 .debug_ranges  0x00000000000001a8       0x80 /home/bkfl/src/GitHub/bkfl/Task1.5HD/bin/arduino-uno/shell.a(shell.o)
 .debug_ranges  0x0000000000000228       0x10 /home/bkfl/src/GitHub/bkfl/Task1.5HD/bin/arduino-uno/shell_commands.a(sc_sys.o)
 .debug_ranges  0x0000000000000238       0x10 /home/bkfl/src/GitHub/bkfl/Task1.5HD/bin/arduino-uno/shell_commands.a(sc_ps.o)
 .debug_ranges  0x0000000000000248       0x18 /home/bkfl/src/GitHub/bkfl/Task1.5HD/bin/arduino-uno/periph_common.a(pm.o)
 .debug_ranges  0x0000000000000260       0x38 /home/bkfl/src/GitHub/bkfl/Task1.5HD/bin/arduino-uno/atmega_common.a(thread_arch.o)
 .debug_ranges  0x0000000000000298       0x28 /home/bkfl/src/GitHub/bkfl/Task1.5HD/bin/arduino-uno/atmega_common.a(cpu.o)
 .debug_ranges  0x00000000000002c0       0x40 /home/bkfl/src/GitHub/bkfl/Task1.5HD/bin/arduino-uno/atmega_common.a(irq_arch.o)
 .debug_ranges  0x0000000000000300       0x10 /home/bkfl/src/GitHub/bkfl/Task1.5HD/bin/arduino-uno/atmega_common_periph.a(pm.o)
 .debug_ranges  0x0000000000000310       0x10 /home/bkfl/src/GitHub/bkfl/Task1.5HD/bin/arduino-uno/auto_init.a(auto_init.o)
 .debug_ranges  0x0000000000000320       0x20 /home/bkfl/src/GitHub/bkfl/Task1.5HD/bin/arduino-uno/avr_libc_extra.a(atmega_stdio.o)
 .debug_ranges  0x0000000000000340       0x10 /home/bkfl/src/GitHub/bkfl/Task1.5HD/bin/arduino-uno/boards_common_arduino-atmega.a(led_init.o)
 .debug_ranges  0x0000000000000350       0x20 /home/bkfl/src/GitHub/bkfl/Task1.5HD/bin/arduino-uno/stdio_uart.a(stdio_uart.o)
 .debug_ranges  0x0000000000000370       0x10 /home/bkfl/src/GitHub/bkfl/Task1.5HD/bin/arduino-uno/periph_common.a(init.o)
 .debug_ranges  0x0000000000000380       0x30 /home/bkfl/src/GitHub/bkfl/Task1.5HD/bin/arduino-uno/atmega_common_periph.a(uart.o)
 .debug_ranges  0x00000000000003b0       0x38 /home/bkfl/src/GitHub/bkfl/Task1.5HD/bin/arduino-uno/isrpipe.a(isrpipe.o)
 .debug_ranges  0x00000000000003e8       0x38 /home/bkfl/src/GitHub/bkfl/Task1.5HD/bin/arduino-uno/tsrb.a(tsrb.o)
 .debug_ranges  0x0000000000000420       0x20 /home/bkfl/src/GitHub/bkfl/Task1.5HD/bin/arduino-uno/core.a(mutex.o)

.debug_macro    0x0000000000000000    0x17e41
 *(.debug_macro)
 .debug_macro   0x0000000000000000      0x260 /home/bkfl/src/GitHub/bkfl/Task1.5HD/bin/arduino-uno/atmega_common/startup.o
 .debug_macro   0x0000000000000260      0xa42 /home/bkfl/src/GitHub/bkfl/Task1.5HD/bin/arduino-uno/atmega_common/startup.o
 .debug_macro   0x0000000000000ca2       0xbe /home/bkfl/src/GitHub/bkfl/Task1.5HD/bin/arduino-uno/atmega_common/startup.o
 .debug_macro   0x0000000000000d60      0x1ad /home/bkfl/src/GitHub/bkfl/Task1.5HD/bin/arduino-uno/atmega_common/startup.o
 .debug_macro   0x0000000000000f0d       0x10 /home/bkfl/src/GitHub/bkfl/Task1.5HD/bin/arduino-uno/atmega_common/startup.o
 .debug_macro   0x0000000000000f1d      0x299 /home/bkfl/src/GitHub/bkfl/Task1.5HD/bin/arduino-uno/atmega_common/startup.o
 .debug_macro   0x00000000000011b6       0x1c /home/bkfl/src/GitHub/bkfl/Task1.5HD/bin/arduino-uno/atmega_common/startup.o
 .debug_macro   0x00000000000011d2       0x9e /home/bkfl/src/GitHub/bkfl/Task1.5HD/bin/arduino-uno/atmega_common/startup.o
 .debug_macro   0x0000000000001270     0x1410 /home/bkfl/src/GitHub/bkfl/Task1.5HD/bin/arduino-uno/atmega_common/startup.o
 .debug_macro   0x0000000000002680      0x13a /home/bkfl/src/GitHub/bkfl/Task1.5HD/bin/arduino-uno/atmega_common/startup.o
 .debug_macro   0x00000000000027ba       0xbd /home/bkfl/src/GitHub/bkfl/Task1.5HD/bin/arduino-uno/atmega_common/startup.o
 .debug_macro   0x0000000000002877       0x34 /home/bkfl/src/GitHub/bkfl/Task1.5HD/bin/arduino-uno/atmega_common/startup.o
 .debug_macro   0x00000000000028ab       0x18 /home/bkfl/src/GitHub/bkfl/Task1.5HD/bin/arduino-uno/atmega_common/startup.o
 .debug_macro   0x00000000000028c3       0x6c /home/bkfl/src/GitHub/bkfl/Task1.5HD/bin/arduino-uno/atmega_common/startup.o
 .debug_macro   0x000000000000292f       0x63 /home/bkfl/src/GitHub/bkfl/Task1.5HD/bin/arduino-uno/atmega_common/startup.o
 .debug_macro   0x0000000000002992       0x58 /home/bkfl/src/GitHub/bkfl/Task1.5HD/bin/arduino-uno/atmega_common/startup.o
 .debug_macro   0x00000000000029ea       0x10 /home/bkfl/src/GitHub/bkfl/Task1.5HD/bin/arduino-uno/atmega_common/startup.o
 .debug_macro   0x00000000000029fa       0x97 /home/bkfl/src/GitHub/bkfl/Task1.5HD/bin/arduino-uno/atmega_common/startup.o
 .debug_macro   0x0000000000002a91       0xeb /home/bkfl/src/GitHub/bkfl/Task1.5HD/bin/arduino-uno/atmega_common/startup.o
 .debug_macro   0x0000000000002b7c       0x81 /home/bkfl/src/GitHub/bkfl/Task1.5HD/bin/arduino-uno/atmega_common/startup.o
 .debug_macro   0x0000000000002bfd       0x40 /home/bkfl/src/GitHub/bkfl/Task1.5HD/bin/arduino-uno/atmega_common/startup.o
 .debug_macro   0x0000000000002c3d       0x1c /home/bkfl/src/GitHub/bkfl/Task1.5HD/bin/arduino-uno/atmega_common/startup.o
 .debug_macro   0x0000000000002c59       0xef /home/bkfl/src/GitHub/bkfl/Task1.5HD/bin/arduino-uno/atmega_common/startup.o
 .debug_macro   0x0000000000002d48       0x2f /home/bkfl/src/GitHub/bkfl/Task1.5HD/bin/arduino-uno/atmega_common/startup.o
 .debug_macro   0x0000000000002d77       0xd6 /home/bkfl/src/GitHub/bkfl/Task1.5HD/bin/arduino-uno/atmega_common/startup.o
 .debug_macro   0x0000000000002e4d       0xe8 /home/bkfl/src/GitHub/bkfl/Task1.5HD/bin/arduino-uno/atmega_common/startup.o
 .debug_macro   0x0000000000002f35       0x28 /home/bkfl/src/GitHub/bkfl/Task1.5HD/bin/arduino-uno/atmega_common/startup.o
 .debug_macro   0x0000000000002f5d       0x17 /home/bkfl/src/GitHub/bkfl/Task1.5HD/bin/arduino-uno/atmega_common/startup.o
 .debug_macro   0x0000000000002f74       0x10 /home/bkfl/src/GitHub/bkfl/Task1.5HD/bin/arduino-uno/atmega_common/startup.o
 .debug_macro   0x0000000000002f84       0x22 /home/bkfl/src/GitHub/bkfl/Task1.5HD/bin/arduino-uno/atmega_common/startup.o
 .debug_macro   0x0000000000002fa6       0x5f /home/bkfl/src/GitHub/bkfl/Task1.5HD/bin/arduino-uno/atmega_common/startup.o
 .debug_macro   0x0000000000003005       0x1c /home/bkfl/src/GitHub/bkfl/Task1.5HD/bin/arduino-uno/atmega_common/startup.o
 .debug_macro   0x0000000000003021       0x53 /home/bkfl/src/GitHub/bkfl/Task1.5HD/bin/arduino-uno/atmega_common/startup.o
 .debug_macro   0x0000000000003074       0x22 /home/bkfl/src/GitHub/bkfl/Task1.5HD/bin/arduino-uno/atmega_common/startup.o
 .debug_macro   0x0000000000003096       0x84 /home/bkfl/src/GitHub/bkfl/Task1.5HD/bin/arduino-uno/atmega_common/startup.o
 .debug_macro   0x000000000000311a       0x16 /home/bkfl/src/GitHub/bkfl/Task1.5HD/bin/arduino-uno/atmega_common/startup.o
 .debug_macro   0x0000000000003130       0xd8 /home/bkfl/src/GitHub/bkfl/Task1.5HD/bin/arduino-uno/atmega_common/startup.o
 .debug_macro   0x0000000000003208       0x52 /home/bkfl/src/GitHub/bkfl/Task1.5HD/bin/arduino-uno/atmega_common/startup.o
 .debug_macro   0x000000000000325a      0x257 /home/bkfl/src/GitHub/bkfl/Task1.5HD/bin/arduino-uno/application_Task1.5HD.a(main.o)
 .debug_macro   0x00000000000034b1      0xa42 /home/bkfl/src/GitHub/bkfl/Task1.5HD/bin/arduino-uno/application_Task1.5HD.a(main.o)
 .debug_macro   0x0000000000003ef3      0x293 /home/bkfl/src/GitHub/bkfl/Task1.5HD/bin/arduino-uno/application_Task1.5HD.a(main.o)
 .debug_macro   0x0000000000004186       0x16 /home/bkfl/src/GitHub/bkfl/Task1.5HD/bin/arduino-uno/application_Task1.5HD.a(main.o)
 .debug_macro   0x000000000000419c       0x20 /home/bkfl/src/GitHub/bkfl/Task1.5HD/bin/arduino-uno/application_Task1.5HD.a(main.o)
 .debug_macro   0x00000000000041bc       0x16 /home/bkfl/src/GitHub/bkfl/Task1.5HD/bin/arduino-uno/application_Task1.5HD.a(main.o)
 .debug_macro   0x00000000000041d2       0xaa /home/bkfl/src/GitHub/bkfl/Task1.5HD/bin/arduino-uno/application_Task1.5HD.a(main.o)
 .debug_macro   0x000000000000427c      0x24e /home/bkfl/src/GitHub/bkfl/Task1.5HD/bin/arduino-uno/atmega_common_periph.a(gpio.o)
 .debug_macro   0x00000000000044ca      0xa42 /home/bkfl/src/GitHub/bkfl/Task1.5HD/bin/arduino-uno/atmega_common_periph.a(gpio.o)
 .debug_macro   0x0000000000004f0c      0x261 /home/bkfl/src/GitHub/bkfl/Task1.5HD/bin/arduino-uno/boards_common_atmega.a(board.o)
 .debug_macro   0x000000000000516d      0xa42 /home/bkfl/src/GitHub/bkfl/Task1.5HD/bin/arduino-uno/boards_common_atmega.a(board.o)
 .debug_macro   0x0000000000005baf      0x1fa /home/bkfl/src/GitHub/bkfl/Task1.5HD/bin/arduino-uno/core.a(sched.o)
 .debug_macro   0x0000000000005da9      0xa42 /home/bkfl/src/GitHub/bkfl/Task1.5HD/bin/arduino-uno/core.a(sched.o)
 .debug_macro   0x00000000000067eb      0x166 /home/bkfl/src/GitHub/bkfl/Task1.5HD/bin/arduino-uno/core.a(sched.o)
 .debug_macro   0x0000000000006951       0x12 /home/bkfl/src/GitHub/bkfl/Task1.5HD/bin/arduino-uno/core.a(sched.o)
 .debug_macro   0x0000000000006963       0x2e /home/bkfl/src/GitHub/bkfl/Task1.5HD/bin/arduino-uno/core.a(sched.o)
 .debug_macro   0x0000000000006991       0x35 /home/bkfl/src/GitHub/bkfl/Task1.5HD/bin/arduino-uno/core.a(sched.o)
 .debug_macro   0x00000000000069c6       0x1c /home/bkfl/src/GitHub/bkfl/Task1.5HD/bin/arduino-uno/core.a(sched.o)
 .debug_macro   0x00000000000069e2      0x250 /home/bkfl/src/GitHub/bkfl/Task1.5HD/bin/arduino-uno/core.a(kernel_init.o)
 .debug_macro   0x0000000000006c32      0xa42 /home/bkfl/src/GitHub/bkfl/Task1.5HD/bin/arduino-uno/core.a(kernel_init.o)
 .debug_macro   0x0000000000007674      0x207 /home/bkfl/src/GitHub/bkfl/Task1.5HD/bin/arduino-uno/core.a(kernel_init.o)
 .debug_macro   0x000000000000787b       0xdc /home/bkfl/src/GitHub/bkfl/Task1.5HD/bin/arduino-uno/core.a(kernel_init.o)
 .debug_macro   0x0000000000007957       0x69 /home/bkfl/src/GitHub/bkfl/Task1.5HD/bin/arduino-uno/core.a(kernel_init.o)
 .debug_macro   0x00000000000079c0      0x1f4 /home/bkfl/src/GitHub/bkfl/Task1.5HD/bin/arduino-uno/core.a(thread.o)
 .debug_macro   0x0000000000007bb4      0xa42 /home/bkfl/src/GitHub/bkfl/Task1.5HD/bin/arduino-uno/core.a(thread.o)
 .debug_macro   0x00000000000085f6      0x253 /home/bkfl/src/GitHub/bkfl/Task1.5HD/bin/arduino-uno/core.a(panic.o)
 .debug_macro   0x0000000000008849      0xa42 /home/bkfl/src/GitHub/bkfl/Task1.5HD/bin/arduino-uno/core.a(panic.o)
 .debug_macro   0x000000000000928b       0x34 /home/bkfl/src/GitHub/bkfl/Task1.5HD/bin/arduino-uno/core.a(panic.o)
 .debug_macro   0x00000000000092bf      0x1c4 /home/bkfl/src/GitHub/bkfl/Task1.5HD/bin/arduino-uno/ps.a(ps.o)
 .debug_macro   0x0000000000009483      0xa42 /home/bkfl/src/GitHub/bkfl/Task1.5HD/bin/arduino-uno/ps.a(ps.o)
 .debug_macro   0x0000000000009ec5       0xe0 /home/bkfl/src/GitHub/bkfl/Task1.5HD/bin/arduino-uno/shell.a(shell.o)
 .debug_macro   0x0000000000009fa5      0xa42 /home/bkfl/src/GitHub/bkfl/Task1.5HD/bin/arduino-uno/shell.a(shell.o)
 .debug_macro   0x000000000000a9e7       0x1c /home/bkfl/src/GitHub/bkfl/Task1.5HD/bin/arduino-uno/shell.a(shell.o)
 .debug_macro   0x000000000000aa03       0x97 /home/bkfl/src/GitHub/bkfl/Task1.5HD/bin/arduino-uno/shell.a(shell.o)
 .debug_macro   0x000000000000aa9a       0x5a /home/bkfl/src/GitHub/bkfl/Task1.5HD/bin/arduino-uno/shell.a(shell.o)
 .debug_macro   0x000000000000aaf4       0x7f /home/bkfl/src/GitHub/bkfl/Task1.5HD/bin/arduino-uno/shell.a(shell.o)
 .debug_macro   0x000000000000ab73       0x22 /home/bkfl/src/GitHub/bkfl/Task1.5HD/bin/arduino-uno/shell.a(shell.o)
 .debug_macro   0x000000000000ab95       0x7b /home/bkfl/src/GitHub/bkfl/Task1.5HD/bin/arduino-uno/shell_commands.a(shell_commands.o)
 .debug_macro   0x000000000000ac10      0xa42 /home/bkfl/src/GitHub/bkfl/Task1.5HD/bin/arduino-uno/shell_commands.a(shell_commands.o)
 .debug_macro   0x000000000000b652      0x10e /home/bkfl/src/GitHub/bkfl/Task1.5HD/bin/arduino-uno/shell_commands.a(shell_commands.o)
 .debug_macro   0x000000000000b760       0x66 /home/bkfl/src/GitHub/bkfl/Task1.5HD/bin/arduino-uno/shell_commands.a(shell_commands.o)
 .debug_macro   0x000000000000b7c6      0x21d /home/bkfl/src/GitHub/bkfl/Task1.5HD/bin/arduino-uno/shell_commands.a(sc_sys.o)
 .debug_macro   0x000000000000b9e3      0xa42 /home/bkfl/src/GitHub/bkfl/Task1.5HD/bin/arduino-uno/shell_commands.a(sc_sys.o)
 .debug_macro   0x000000000000c425       0x24 /home/bkfl/src/GitHub/bkfl/Task1.5HD/bin/arduino-uno/shell_commands.a(sc_ps.o)
 .debug_macro   0x000000000000c449      0xa42 /home/bkfl/src/GitHub/bkfl/Task1.5HD/bin/arduino-uno/shell_commands.a(sc_ps.o)
 .debug_macro   0x000000000000ce8b      0x22c /home/bkfl/src/GitHub/bkfl/Task1.5HD/bin/arduino-uno/periph_common.a(pm.o)
 .debug_macro   0x000000000000d0b7      0xa42 /home/bkfl/src/GitHub/bkfl/Task1.5HD/bin/arduino-uno/periph_common.a(pm.o)
 .debug_macro   0x000000000000daf9      0x256 /home/bkfl/src/GitHub/bkfl/Task1.5HD/bin/arduino-uno/atmega_common.a(thread_arch.o)
 .debug_macro   0x000000000000dd4f      0xa42 /home/bkfl/src/GitHub/bkfl/Task1.5HD/bin/arduino-uno/atmega_common.a(thread_arch.o)
 .debug_macro   0x000000000000e791      0x2a7 /home/bkfl/src/GitHub/bkfl/Task1.5HD/bin/arduino-uno/atmega_common.a(cpu.o)
 .debug_macro   0x000000000000ea38      0xa42 /home/bkfl/src/GitHub/bkfl/Task1.5HD/bin/arduino-uno/atmega_common.a(cpu.o)
 .debug_macro   0x000000000000f47a       0x68 /home/bkfl/src/GitHub/bkfl/Task1.5HD/bin/arduino-uno/atmega_common.a(cpu.o)
 .debug_macro   0x000000000000f4e2       0x10 /home/bkfl/src/GitHub/bkfl/Task1.5HD/bin/arduino-uno/atmega_common.a(cpu.o)
 .debug_macro   0x000000000000f4f2       0x89 /home/bkfl/src/GitHub/bkfl/Task1.5HD/bin/arduino-uno/atmega_common.a(cpu.o)
 .debug_macro   0x000000000000f57b       0xee /home/bkfl/src/GitHub/bkfl/Task1.5HD/bin/arduino-uno/atmega_common.a(cpu.o)
 .debug_macro   0x000000000000f669      0x1e1 /home/bkfl/src/GitHub/bkfl/Task1.5HD/bin/arduino-uno/atmega_common.a(irq_arch.o)
 .debug_macro   0x000000000000f84a      0xa42 /home/bkfl/src/GitHub/bkfl/Task1.5HD/bin/arduino-uno/atmega_common.a(irq_arch.o)
 .debug_macro   0x000000000001028c      0x221 /home/bkfl/src/GitHub/bkfl/Task1.5HD/bin/arduino-uno/atmega_common_periph.a(pm.o)
 .debug_macro   0x00000000000104ad      0xa42 /home/bkfl/src/GitHub/bkfl/Task1.5HD/bin/arduino-uno/atmega_common_periph.a(pm.o)
 .debug_macro   0x0000000000010eef       0x62 /home/bkfl/src/GitHub/bkfl/Task1.5HD/bin/arduino-uno/atmega_common_periph.a(pm.o)
 .debug_macro   0x0000000000010f51      0x1da /home/bkfl/src/GitHub/bkfl/Task1.5HD/bin/arduino-uno/auto_init.a(auto_init.o)
 .debug_macro   0x000000000001112b      0xa42 /home/bkfl/src/GitHub/bkfl/Task1.5HD/bin/arduino-uno/auto_init.a(auto_init.o)
 .debug_macro   0x0000000000011b6d      0x287 /home/bkfl/src/GitHub/bkfl/Task1.5HD/bin/arduino-uno/avr_libc_extra.a(atmega_stdio.o)
 .debug_macro   0x0000000000011df4      0xa42 /home/bkfl/src/GitHub/bkfl/Task1.5HD/bin/arduino-uno/avr_libc_extra.a(atmega_stdio.o)
 .debug_macro   0x0000000000012836       0x40 /home/bkfl/src/GitHub/bkfl/Task1.5HD/bin/arduino-uno/avr_libc_extra.a(atmega_stdio.o)
 .debug_macro   0x0000000000012876       0x10 /home/bkfl/src/GitHub/bkfl/Task1.5HD/bin/arduino-uno/avr_libc_extra.a(atmega_stdio.o)
 .debug_macro   0x0000000000012886      0x261 /home/bkfl/src/GitHub/bkfl/Task1.5HD/bin/arduino-uno/boards_common_arduino-atmega.a(led_init.o)
 .debug_macro   0x0000000000012ae7      0xa42 /home/bkfl/src/GitHub/bkfl/Task1.5HD/bin/arduino-uno/boards_common_arduino-atmega.a(led_init.o)
 .debug_macro   0x0000000000013529      0x2fe /home/bkfl/src/GitHub/bkfl/Task1.5HD/bin/arduino-uno/stdio_uart.a(stdio_uart.o)
 .debug_macro   0x0000000000013827      0xa42 /home/bkfl/src/GitHub/bkfl/Task1.5HD/bin/arduino-uno/stdio_uart.a(stdio_uart.o)
 .debug_macro   0x0000000000014269       0x10 /home/bkfl/src/GitHub/bkfl/Task1.5HD/bin/arduino-uno/stdio_uart.a(stdio_uart.o)
 .debug_macro   0x0000000000014279       0x16 /home/bkfl/src/GitHub/bkfl/Task1.5HD/bin/arduino-uno/stdio_uart.a(stdio_uart.o)
 .debug_macro   0x000000000001428f       0x1a /home/bkfl/src/GitHub/bkfl/Task1.5HD/bin/arduino-uno/periph_common.a(init.o)
 .debug_macro   0x00000000000142a9      0xa42 /home/bkfl/src/GitHub/bkfl/Task1.5HD/bin/arduino-uno/periph_common.a(init.o)
 .debug_macro   0x0000000000014ceb      0x249 /home/bkfl/src/GitHub/bkfl/Task1.5HD/bin/arduino-uno/atmega_common_periph.a(uart.o)
 .debug_macro   0x0000000000014f34      0xa42 /home/bkfl/src/GitHub/bkfl/Task1.5HD/bin/arduino-uno/atmega_common_periph.a(uart.o)
 .debug_macro   0x0000000000015976      0x2ff /home/bkfl/src/GitHub/bkfl/Task1.5HD/bin/arduino-uno/isrpipe.a(isrpipe.o)
 .debug_macro   0x0000000000015c75      0xa42 /home/bkfl/src/GitHub/bkfl/Task1.5HD/bin/arduino-uno/isrpipe.a(isrpipe.o)
 .debug_macro   0x00000000000166b7       0x2e /home/bkfl/src/GitHub/bkfl/Task1.5HD/bin/arduino-uno/isrpipe.a(isrpipe.o)
 .debug_macro   0x00000000000166e5       0x43 /home/bkfl/src/GitHub/bkfl/Task1.5HD/bin/arduino-uno/isrpipe.a(isrpipe.o)
 .debug_macro   0x0000000000016728       0x1c /home/bkfl/src/GitHub/bkfl/Task1.5HD/bin/arduino-uno/isrpipe.a(isrpipe.o)
 .debug_macro   0x0000000000016744       0x10 /home/bkfl/src/GitHub/bkfl/Task1.5HD/bin/arduino-uno/isrpipe.a(isrpipe.o)
 .debug_macro   0x0000000000016754       0x10 /home/bkfl/src/GitHub/bkfl/Task1.5HD/bin/arduino-uno/isrpipe.a(isrpipe.o)
 .debug_macro   0x0000000000016764       0x5f /home/bkfl/src/GitHub/bkfl/Task1.5HD/bin/arduino-uno/tsrb.a(tsrb.o)
 .debug_macro   0x00000000000167c3      0xa42 /home/bkfl/src/GitHub/bkfl/Task1.5HD/bin/arduino-uno/tsrb.a(tsrb.o)
 .debug_macro   0x0000000000017205      0x1fa /home/bkfl/src/GitHub/bkfl/Task1.5HD/bin/arduino-uno/core.a(mutex.o)
 .debug_macro   0x00000000000173ff      0xa42 /home/bkfl/src/GitHub/bkfl/Task1.5HD/bin/arduino-uno/core.a(mutex.o)
OUTPUT(/home/bkfl/src/GitHub/bkfl/Task1.5HD/bin/arduino-uno/Task1.5HD.elf elf32-avr)
LOAD linker stubs
